D:/4_GIT_SRC_CODE/bldc/BL42S-24040N_FOC_Clean/Src/mc_interface.c:92:13:MCI_ExecSpeedRamp	0	static
D:/4_GIT_SRC_CODE/bldc/BL42S-24040N_FOC_Clean/Src/mc_interface.c:132:13:MCI_ExecSpeedRamp_F	8	static
D:/4_GIT_SRC_CODE/bldc/BL42S-24040N_FOC_Clean/Src/mc_interface.c:172:13:MCI_ExecTorqueRamp	0	static
D:/4_GIT_SRC_CODE/bldc/BL42S-24040N_FOC_Clean/Src/mc_interface.c:214:13:MCI_ExecTorqueRamp_F	8	static
D:/4_GIT_SRC_CODE/bldc/BL42S-24040N_FOC_Clean/Src/mc_interface.c:246:13:MCI_SetCurrentReferences	8	static
D:/4_GIT_SRC_CODE/bldc/BL42S-24040N_FOC_Clean/Src/mc_interface.c:282:13:MCI_SetCurrentReferences_F	24	static
D:/4_GIT_SRC_CODE/bldc/BL42S-24040N_FOC_Clean/Src/mc_interface.c:486:13:MCI_GetCalibratedOffsetsMotor	8	static
D:/4_GIT_SRC_CODE/bldc/BL42S-24040N_FOC_Clean/Src/mc_interface.c:667:13:MCI_FaultProcessing	0	static
D:/4_GIT_SRC_CODE/bldc/BL42S-24040N_FOC_Clean/Src/mc_interface.c:692:13:MCI_ExecBufferedCommands	8	static
D:/4_GIT_SRC_CODE/bldc/BL42S-24040N_FOC_Clean/Src/mc_interface.c:765:27:MCI_IsCommandAcknowledged	0	static
D:/4_GIT_SRC_CODE/bldc/BL42S-24040N_FOC_Clean/Src/mc_interface.c:797:20:MCI_GetSTMState	0	static
D:/4_GIT_SRC_CODE/bldc/BL42S-24040N_FOC_Clean/Src/mc_interface.c:818:17:MCI_GetOccurredFaults	0	static
D:/4_GIT_SRC_CODE/bldc/BL42S-24040N_FOC_Clean/Src/mc_interface.c:838:17:MCI_GetCurrentFaults	0	static
D:/4_GIT_SRC_CODE/bldc/BL42S-24040N_FOC_Clean/Src/mc_interface.c:336:13:MCI_StartMotor	8	static
D:/4_GIT_SRC_CODE/bldc/BL42S-24040N_FOC_Clean/Src/mc_interface.c:398:13:MCI_StartWithPolarizationMotor	8	static
D:/4_GIT_SRC_CODE/bldc/BL42S-24040N_FOC_Clean/Src/mc_interface.c:443:13:MCI_StartOffsetMeasurments	8	static
D:/4_GIT_SRC_CODE/bldc/BL42S-24040N_FOC_Clean/Src/mc_interface.c:532:13:MCI_SetCalibratedOffsetsMotor	16	static
D:/4_GIT_SRC_CODE/bldc/BL42S-24040N_FOC_Clean/Src/mc_interface.c:577:13:MCI_StopMotor	16	static
D:/4_GIT_SRC_CODE/bldc/BL42S-24040N_FOC_Clean/Src/mc_interface.c:632:13:MCI_FaultAcknowledged	8	static
D:/4_GIT_SRC_CODE/bldc/BL42S-24040N_FOC_Clean/Src/mc_interface.c:862:17:MCI_GetFaultState	0	static
D:/4_GIT_SRC_CODE/bldc/BL42S-24040N_FOC_Clean/Src/mc_interface.c:887:25:MCI_GetControlMode	0	static
D:/4_GIT_SRC_CODE/bldc/BL42S-24040N_FOC_Clean/Src/mc_interface.c:903:16:MCI_GetImposedMotorDirection	0	static
D:/4_GIT_SRC_CODE/bldc/BL42S-24040N_FOC_Clean/Src/mc_interface.c:971:16:MCI_GetLastRampFinalSpeed	0	static
D:/4_GIT_SRC_CODE/bldc/BL42S-24040N_FOC_Clean/Src/mc_interface.c:997:16:MCI_GetLastRampFinalTorque	0	static
D:/4_GIT_SRC_CODE/bldc/BL42S-24040N_FOC_Clean/Src/mc_interface.c:1023:16:MCI_GetLastRampFinalTorque_F	0	static
D:/4_GIT_SRC_CODE/bldc/BL42S-24040N_FOC_Clean/Src/mc_interface.c:1048:17:MCI_GetLastRampFinalDuration	0	static
D:/4_GIT_SRC_CODE/bldc/BL42S-24040N_FOC_Clean/Src/mc_interface.c:1072:16:MCI_GetLastRampFinalSpeed_F	0	static
D:/4_GIT_SRC_CODE/bldc/BL42S-24040N_FOC_Clean/Src/mc_interface.c:1092:13:MCI_RampCompleted	8	static
D:/4_GIT_SRC_CODE/bldc/BL42S-24040N_FOC_Clean/Src/mc_interface.c:1125:13:MCI_StopSpeedRamp	0	static
D:/4_GIT_SRC_CODE/bldc/BL42S-24040N_FOC_Clean/Src/mc_interface.c:1138:13:MCI_StopRamp	0	static
D:/4_GIT_SRC_CODE/bldc/BL42S-24040N_FOC_Clean/Src/mc_interface.c:1162:13:MCI_GetSpdSensorReliability	0	static
D:/4_GIT_SRC_CODE/bldc/BL42S-24040N_FOC_Clean/Src/mc_interface.c:1189:16:MCI_GetAvrgMecSpeedUnit	0	static
D:/4_GIT_SRC_CODE/bldc/BL42S-24040N_FOC_Clean/Src/mc_interface.c:1213:16:MCI_GetAvrgMecSpeed_F	8	static
D:/4_GIT_SRC_CODE/bldc/BL42S-24040N_FOC_Clean/Src/mc_interface.c:1238:16:MCI_GetMecSpeedRefUnit	0	static
D:/4_GIT_SRC_CODE/bldc/BL42S-24040N_FOC_Clean/Src/mc_interface.c:1253:16:MCI_GetMecSpeedRef_F	8	static
D:/4_GIT_SRC_CODE/bldc/BL42S-24040N_FOC_Clean/Src/mc_interface.c:1268:13:MCI_GetIab	8	static
D:/4_GIT_SRC_CODE/bldc/BL42S-24040N_FOC_Clean/Src/mc_interface.c:1288:15:MCI_GetIab_F	16	static
D:/4_GIT_SRC_CODE/bldc/BL42S-24040N_FOC_Clean/Src/mc_interface.c:1315:20:MCI_GetIalphabeta	8	static
D:/4_GIT_SRC_CODE/bldc/BL42S-24040N_FOC_Clean/Src/mc_interface.c:1340:13:MCI_GetIqd	8	static
D:/4_GIT_SRC_CODE/bldc/BL42S-24040N_FOC_Clean/Src/mc_interface.c:1365:15:MCI_GetIqd_F	16	static
D:/4_GIT_SRC_CODE/bldc/BL42S-24040N_FOC_Clean/Src/mc_interface.c:1390:13:MCI_GetIqdref	8	static
D:/4_GIT_SRC_CODE/bldc/BL42S-24040N_FOC_Clean/Src/mc_interface.c:1415:15:MCI_GetIqdref_F	16	static
D:/4_GIT_SRC_CODE/bldc/BL42S-24040N_FOC_Clean/Src/mc_interface.c:1440:13:MCI_GetVqd	8	static
D:/4_GIT_SRC_CODE/bldc/BL42S-24040N_FOC_Clean/Src/mc_interface.c:1465:20:MCI_GetValphabeta	8	static
D:/4_GIT_SRC_CODE/bldc/BL42S-24040N_FOC_Clean/Src/mc_interface.c:1491:16:MCI_GetElAngledpp	0	static
D:/4_GIT_SRC_CODE/bldc/BL42S-24040N_FOC_Clean/Src/mc_interface.c:1506:16:MCI_GetTeref	0	static
D:/4_GIT_SRC_CODE/bldc/BL42S-24040N_FOC_Clean/Src/mc_interface.c:1520:16:MCI_GetTeref_F	0	static
D:/4_GIT_SRC_CODE/bldc/BL42S-24040N_FOC_Clean/Src/mc_interface.c:1536:16:MCI_GetPhaseCurrentAmplitude	0	static,ignoring_inline_asm
D:/4_GIT_SRC_CODE/bldc/BL42S-24040N_FOC_Clean/Src/mc_interface.c:1565:16:MCI_GetPhaseVoltageAmplitude	8	static
D:/4_GIT_SRC_CODE/bldc/BL42S-24040N_FOC_Clean/Src/mc_interface.c:1602:13:MCI_Clear_Iqdref	8	static
