D:/4_GIT_SRC_CODE/bldc/BL42S-24040N_FOC_Clean/Drivers/STM32G4xx_HAL_Driver/Src/stm32g4xx_hal_dma.c:152:19:HAL_DMA_Init	16	static
D:/4_GIT_SRC_CODE/bldc/BL42S-24040N_FOC_Clean/Drivers/STM32G4xx_HAL_Driver/Src/stm32g4xx_hal_dma.c:263:19:HAL_DMA_DeInit	12	static
D:/4_GIT_SRC_CODE/bldc/BL42S-24040N_FOC_Clean/Drivers/STM32G4xx_HAL_Driver/Src/stm32g4xx_hal_dma.c:378:19:HAL_DMA_Start	16	static
D:/4_GIT_SRC_CODE/bldc/BL42S-24040N_FOC_Clean/Drivers/STM32G4xx_HAL_Driver/Src/stm32g4xx_hal_dma.c:421:19:HAL_DMA_Start_IT	16	static
D:/4_GIT_SRC_CODE/bldc/BL42S-24040N_FOC_Clean/Drivers/STM32G4xx_HAL_Driver/Src/stm32g4xx_hal_dma.c:491:19:HAL_DMA_Abort	8	static
D:/4_GIT_SRC_CODE/bldc/BL42S-24040N_FOC_Clean/Drivers/STM32G4xx_HAL_Driver/Src/stm32g4xx_hal_dma.c:550:19:HAL_DMA_Abort_IT	16	static
D:/4_GIT_SRC_CODE/bldc/BL42S-24040N_FOC_Clean/Drivers/STM32G4xx_HAL_Driver/Src/stm32g4xx_hal_dma.c:618:19:HAL_DMA_PollForTransfer	32	static
D:/4_GIT_SRC_CODE/bldc/BL42S-24040N_FOC_Clean/Drivers/STM32G4xx_HAL_Driver/Src/stm32g4xx_hal_dma.c:748:6:HAL_DMA_IRQHandler	12	static
D:/4_GIT_SRC_CODE/bldc/BL42S-24040N_FOC_Clean/Drivers/STM32G4xx_HAL_Driver/Src/stm32g4xx_hal_dma.c:842:19:HAL_DMA_RegisterCallback	0	static
D:/4_GIT_SRC_CODE/bldc/BL42S-24040N_FOC_Clean/Drivers/STM32G4xx_HAL_Driver/Src/stm32g4xx_hal_dma.c:893:19:HAL_DMA_UnRegisterCallback	0	static
D:/4_GIT_SRC_CODE/bldc/BL42S-24040N_FOC_Clean/Drivers/STM32G4xx_HAL_Driver/Src/stm32g4xx_hal_dma.c:970:22:HAL_DMA_GetState	0	static
D:/4_GIT_SRC_CODE/bldc/BL42S-24040N_FOC_Clean/Drivers/STM32G4xx_HAL_Driver/Src/stm32g4xx_hal_dma.c:982:10:HAL_DMA_GetError	0	static
