Archive member included to satisfy reference by file (symbol)

C:/ST/STM32CubeIDE_1.15.1/STM32CubeIDE/plugins/com.st.stm32cube.ide.mcu.externaltools.gnu-tools-for-stm32.12.3.rel1.win32_1.0.100.202403111256/tools/bin/../lib/gcc/arm-none-eabi/12.3.1/../../../../arm-none-eabi/lib/thumb/v7e-m+fp/hard\libc_nano.a(libc_a-exit.o)
                              C:/ST/STM32CubeIDE_1.15.1/STM32CubeIDE/plugins/com.st.stm32cube.ide.mcu.externaltools.gnu-tools-for-stm32.12.3.rel1.win32_1.0.100.202403111256/tools/bin/../lib/gcc/arm-none-eabi/12.3.1/../../../../arm-none-eabi/lib/thumb/v7e-m+fp/hard/crt0.o (exit)
C:/ST/STM32CubeIDE_1.15.1/STM32CubeIDE/plugins/com.st.stm32cube.ide.mcu.externaltools.gnu-tools-for-stm32.12.3.rel1.win32_1.0.100.202403111256/tools/bin/../lib/gcc/arm-none-eabi/12.3.1/../../../../arm-none-eabi/lib/thumb/v7e-m+fp/hard\libc_nano.a(libc_a-findfp.o)
                              C:/ST/STM32CubeIDE_1.15.1/STM32CubeIDE/plugins/com.st.stm32cube.ide.mcu.externaltools.gnu-tools-for-stm32.12.3.rel1.win32_1.0.100.202403111256/tools/bin/../lib/gcc/arm-none-eabi/12.3.1/../../../../arm-none-eabi/lib/thumb/v7e-m+fp/hard\libc_nano.a(libc_a-exit.o) (__stdio_exit_handler)
C:/ST/STM32CubeIDE_1.15.1/STM32CubeIDE/plugins/com.st.stm32cube.ide.mcu.externaltools.gnu-tools-for-stm32.12.3.rel1.win32_1.0.100.202403111256/tools/bin/../lib/gcc/arm-none-eabi/12.3.1/../../../../arm-none-eabi/lib/thumb/v7e-m+fp/hard\libc_nano.a(libc_a-fwalk.o)
                              C:/ST/STM32CubeIDE_1.15.1/STM32CubeIDE/plugins/com.st.stm32cube.ide.mcu.externaltools.gnu-tools-for-stm32.12.3.rel1.win32_1.0.100.202403111256/tools/bin/../lib/gcc/arm-none-eabi/12.3.1/../../../../arm-none-eabi/lib/thumb/v7e-m+fp/hard\libc_nano.a(libc_a-findfp.o) (_fwalk_sglue)
C:/ST/STM32CubeIDE_1.15.1/STM32CubeIDE/plugins/com.st.stm32cube.ide.mcu.externaltools.gnu-tools-for-stm32.12.3.rel1.win32_1.0.100.202403111256/tools/bin/../lib/gcc/arm-none-eabi/12.3.1/../../../../arm-none-eabi/lib/thumb/v7e-m+fp/hard\libc_nano.a(libc_a-stdio.o)
                              C:/ST/STM32CubeIDE_1.15.1/STM32CubeIDE/plugins/com.st.stm32cube.ide.mcu.externaltools.gnu-tools-for-stm32.12.3.rel1.win32_1.0.100.202403111256/tools/bin/../lib/gcc/arm-none-eabi/12.3.1/../../../../arm-none-eabi/lib/thumb/v7e-m+fp/hard\libc_nano.a(libc_a-findfp.o) (__sread)
C:/ST/STM32CubeIDE_1.15.1/STM32CubeIDE/plugins/com.st.stm32cube.ide.mcu.externaltools.gnu-tools-for-stm32.12.3.rel1.win32_1.0.100.202403111256/tools/bin/../lib/gcc/arm-none-eabi/12.3.1/../../../../arm-none-eabi/lib/thumb/v7e-m+fp/hard\libc_nano.a(libc_a-memset.o)
                              C:/ST/STM32CubeIDE_1.15.1/STM32CubeIDE/plugins/com.st.stm32cube.ide.mcu.externaltools.gnu-tools-for-stm32.12.3.rel1.win32_1.0.100.202403111256/tools/bin/../lib/gcc/arm-none-eabi/12.3.1/../../../../arm-none-eabi/lib/thumb/v7e-m+fp/hard/crt0.o (memset)
C:/ST/STM32CubeIDE_1.15.1/STM32CubeIDE/plugins/com.st.stm32cube.ide.mcu.externaltools.gnu-tools-for-stm32.12.3.rel1.win32_1.0.100.202403111256/tools/bin/../lib/gcc/arm-none-eabi/12.3.1/../../../../arm-none-eabi/lib/thumb/v7e-m+fp/hard\libc_nano.a(libc_a-closer.o)
                              C:/ST/STM32CubeIDE_1.15.1/STM32CubeIDE/plugins/com.st.stm32cube.ide.mcu.externaltools.gnu-tools-for-stm32.12.3.rel1.win32_1.0.100.202403111256/tools/bin/../lib/gcc/arm-none-eabi/12.3.1/../../../../arm-none-eabi/lib/thumb/v7e-m+fp/hard\libc_nano.a(libc_a-stdio.o) (_close_r)
C:/ST/STM32CubeIDE_1.15.1/STM32CubeIDE/plugins/com.st.stm32cube.ide.mcu.externaltools.gnu-tools-for-stm32.12.3.rel1.win32_1.0.100.202403111256/tools/bin/../lib/gcc/arm-none-eabi/12.3.1/../../../../arm-none-eabi/lib/thumb/v7e-m+fp/hard\libc_nano.a(libc_a-reent.o)
                              C:/ST/STM32CubeIDE_1.15.1/STM32CubeIDE/plugins/com.st.stm32cube.ide.mcu.externaltools.gnu-tools-for-stm32.12.3.rel1.win32_1.0.100.202403111256/tools/bin/../lib/gcc/arm-none-eabi/12.3.1/../../../../arm-none-eabi/lib/thumb/v7e-m+fp/hard\libc_nano.a(libc_a-closer.o) (errno)
C:/ST/STM32CubeIDE_1.15.1/STM32CubeIDE/plugins/com.st.stm32cube.ide.mcu.externaltools.gnu-tools-for-stm32.12.3.rel1.win32_1.0.100.202403111256/tools/bin/../lib/gcc/arm-none-eabi/12.3.1/../../../../arm-none-eabi/lib/thumb/v7e-m+fp/hard\libc_nano.a(libc_a-impure.o)
                              C:/ST/STM32CubeIDE_1.15.1/STM32CubeIDE/plugins/com.st.stm32cube.ide.mcu.externaltools.gnu-tools-for-stm32.12.3.rel1.win32_1.0.100.202403111256/tools/bin/../lib/gcc/arm-none-eabi/12.3.1/../../../../arm-none-eabi/lib/thumb/v7e-m+fp/hard\libc_nano.a(libc_a-reent.o) (_impure_ptr)
C:/ST/STM32CubeIDE_1.15.1/STM32CubeIDE/plugins/com.st.stm32cube.ide.mcu.externaltools.gnu-tools-for-stm32.12.3.rel1.win32_1.0.100.202403111256/tools/bin/../lib/gcc/arm-none-eabi/12.3.1/../../../../arm-none-eabi/lib/thumb/v7e-m+fp/hard\libc_nano.a(libc_a-lseekr.o)
[...]
Memory Configuration

Name             Origin             Length             Attributes
RAM              0x20000000         0x00008000         xrw
FLASH            0x08000000         0x00020000         xr
*default*        0x00000000         0xffffffff

Linker script and memory map

LOAD C:/ST/STM32CubeIDE_1.15.1/STM32CubeIDE/plugins/com.st.stm32cube.ide.mcu.externaltools.gnu-tools-for-stm32.12.3.rel1.win32_1.0.100.202403111256/tools/bin/../lib/gcc/arm-none-eabi/12.3.1/thumb/v7e-m+fp/hard/crti.o
LOAD C:/ST/STM32CubeIDE_1.15.1/STM32CubeIDE/plugins/com.st.stm32cube.ide.mcu.externaltools.gnu-tools-for-stm32.12.3.rel1.win32_1.0.100.202403111256/tools/bin/../lib/gcc/arm-none-eabi/12.3.1/thumb/v7e-m+fp/hard/crtbegin.o
LOAD C:/ST/STM32CubeIDE_1.15.1/STM32CubeIDE/plugins/com.st.stm32cube.ide.mcu.externaltools.gnu-tools-for-stm32.12.3.rel1.win32_1.0.100.202403111256/tools/bin/../lib/gcc/arm-none-eabi/12.3.1/../../../../arm-none-eabi/lib/thumb/v7e-m+fp/hard/crt0.o
LOAD ./Application/Startup/startup_stm32g431rbtx.o
LOAD ./Application/User/aspep.o
LOAD ./Application/User/bus_voltage_sensor.o
LOAD ./Application/User/circle_limitation.o
LOAD ./Application/User/digital_output.o
LOAD ./Application/User/hall_speed_pos_fdbk.o
LOAD ./Application/User/hf_registers.o
LOAD ./Application/User/main.o
LOAD ./Application/User/mc_api.o
LOAD ./Application/User/mc_app_hooks.o
LOAD ./Application/User/mc_config.o
LOAD ./Application/User/mc_config_common.o
LOAD ./Application/User/mc_configuration_registers.o
LOAD ./Application/User/mc_interface.o
LOAD ./Application/User/mc_math.o
LOAD ./Application/User/mc_parameters.o
LOAD ./Application/User/mc_tasks.o
LOAD ./Application/User/mc_tasks_foc.o
LOAD ./Application/User/mcp.o
LOAD ./Application/User/mcp_config.o
LOAD ./Application/User/mcpa.o
LOAD ./Application/User/motorcontrol.o
LOAD ./Application/User/ntc_temperature_sensor.o
LOAD ./Application/User/open_loop.o
LOAD ./Application/User/pid_regulator.o
LOAD ./Application/User/pqd_motor_power_measurement.o
LOAD ./Application/User/pwm_common.o
LOAD ./Application/User/pwm_curr_fdbk.o
LOAD ./Application/User/r3_2_g4xx_pwm_curr_fdbk.o
LOAD ./Application/User/r_divider_bus_voltage_sensor.o
LOAD ./Application/User/ramp_ext_mngr.o
LOAD ./Application/User/regular_conversion_manager.o
LOAD ./Application/User/revup_ctrl.o
LOAD ./Application/User/speed_pos_fdbk.o
LOAD ./Application/User/speed_torq_ctrl.o
LOAD ./Application/User/stm32_mc_common_it.o
LOAD ./Application/User/stm32g4xx_hal_msp.o
LOAD ./Application/User/stm32g4xx_it.o
LOAD ./Application/User/stm32g4xx_mc_it.o
LOAD ./Application/User/sync_registers.o
LOAD ./Application/User/syscalls.o
LOAD ./Application/User/sysmem.o
LOAD ./Application/User/usart_aspep_driver.o
LOAD ./Application/User/virtual_speed_sensor.o
LOAD ./Drivers/CMSIS/system_stm32g4xx.o
LOAD ./Drivers/STM32G4xx_HAL_Driver/stm32g4xx_hal.o
LOAD ./Drivers/STM32G4xx_HAL_Driver/stm32g4xx_hal_adc.o
LOAD ./Drivers/STM32G4xx_HAL_Driver/stm32g4xx_hal_adc_ex.o
LOAD ./Drivers/STM32G4xx_HAL_Driver/stm32g4xx_hal_cordic.o
LOAD ./Drivers/STM32G4xx_HAL_Driver/stm32g4xx_hal_cortex.o
LOAD ./Drivers/STM32G4xx_HAL_Driver/stm32g4xx_hal_dma.o
LOAD ./Drivers/STM32G4xx_HAL_Driver/stm32g4xx_hal_dma_ex.o
LOAD ./Drivers/STM32G4xx_HAL_Driver/stm32g4xx_hal_exti.o
LOAD ./Drivers/STM32G4xx_HAL_Driver/stm32g4xx_hal_flash.o
LOAD ./Drivers/STM32G4xx_HAL_Driver/stm32g4xx_hal_flash_ex.o
LOAD ./Drivers/STM32G4xx_HAL_Driver/stm32g4xx_hal_flash_ramfunc.o
LOAD ./Drivers/STM32G4xx_HAL_Driver/stm32g4xx_hal_gpio.o
LOAD ./Drivers/STM32G4xx_HAL_Driver/stm32g4xx_hal_pwr.o
LOAD ./Drivers/STM32G4xx_HAL_Driver/stm32g4xx_hal_pwr_ex.o
LOAD ./Drivers/STM32G4xx_HAL_Driver/stm32g4xx_hal_rcc.o
LOAD ./Drivers/STM32G4xx_HAL_Driver/stm32g4xx_hal_rcc_ex.o
LOAD ./Drivers/STM32G4xx_HAL_Driver/stm32g4xx_hal_tim.o
LOAD ./Drivers/STM32G4xx_HAL_Driver/stm32g4xx_hal_tim_ex.o
LOAD ./Drivers/STM32G4xx_HAL_Driver/stm32g4xx_hal_uart.o
LOAD ./Drivers/STM32G4xx_HAL_Driver/stm32g4xx_hal_uart_ex.o
LOAD ./Drivers/STM32G4xx_HAL_Driver/stm32g4xx_ll_adc.o
START GROUP
LOAD C:/ST/STM32CubeIDE_1.15.1/STM32CubeIDE/plugins/com.st.stm32cube.ide.mcu.externaltools.gnu-tools-for-stm32.12.3.rel1.win32_1.0.100.202403111256/tools/bin/../lib/gcc/arm-none-eabi/12.3.1/../../../../arm-none-eabi/lib/thumb/v7e-m+fp/hard\libc_nano.a
LOAD C:/ST/STM32CubeIDE_1.15.1/STM32CubeIDE/plugins/com.st.stm32cube.ide.mcu.externaltools.gnu-tools-for-stm32.12.3.rel1.win32_1.0.100.202403111256/tools/bin/../lib/gcc/arm-none-eabi/12.3.1/../../../../arm-none-eabi/lib/thumb/v7e-m+fp/hard\libm.a
END GROUP
START GROUP
LOAD C:/ST/STM32CubeIDE_1.15.1/STM32CubeIDE/plugins/com.st.stm32cube.ide.mcu.externaltools.gnu-tools-for-stm32.12.3.rel1.win32_1.0.100.202403111256/tools/bin/../lib/gcc/arm-none-eabi/12.3.1/thumb/v7e-m+fp/hard\libgcc.a
LOAD C:/ST/STM32CubeIDE_1.15.1/STM32CubeIDE/plugins/com.st.stm32cube.ide.mcu.externaltools.gnu-tools-for-stm32.12.3.rel1.win32_1.0.100.202403111256/tools/bin/../lib/gcc/arm-none-eabi/12.3.1/../../../../arm-none-eabi/lib/thumb/v7e-m+fp/hard\libc_nano.a
END GROUP
START GROUP
LOAD C:/ST/STM32CubeIDE_1.15.1/STM32CubeIDE/plugins/com.st.stm32cube.ide.mcu.externaltools.gnu-tools-for-stm32.12.3.rel1.win32_1.0.100.202403111256/tools/bin/../lib/gcc/arm-none-eabi/12.3.1/thumb/v7e-m+fp/hard\libgcc.a
LOAD C:/ST/STM32CubeIDE_1.15.1/STM32CubeIDE/plugins/com.st.stm32cube.ide.mcu.externaltools.gnu-tools-for-stm32.12.3.rel1.win32_1.0.100.202403111256/tools/bin/../lib/gcc/arm-none-eabi/12.3.1/../../../../arm-none-eabi/lib/thumb/v7e-m+fp/hard\libc_nano.a
LOAD C:/ST/STM32CubeIDE_1.15.1/STM32CubeIDE/plugins/com.st.stm32cube.ide.mcu.externaltools.gnu-tools-for-stm32.12.3.rel1.win32_1.0.100.202403111256/tools/bin/../lib/gcc/arm-none-eabi/12.3.1/../../../../arm-none-eabi/lib/thumb/v7e-m+fp/hard\libnosys.a
END GROUP
START GROUP
LOAD C:/ST/STM32CubeIDE_1.15.1/STM32CubeIDE/plugins/com.st.stm32cube.ide.mcu.externaltools.gnu-tools-for-stm32.12.3.rel1.win32_1.0.100.202403111256/tools/bin/../lib/gcc/arm-none-eabi/12.3.1/thumb/v7e-m+fp/hard\libgcc.a
LOAD C:/ST/STM32CubeIDE_1.15.1/STM32CubeIDE/plugins/com.st.stm32cube.ide.mcu.externaltools.gnu-tools-for-stm32.12.3.rel1.win32_1.0.100.202403111256/tools/bin/../lib/gcc/arm-none-eabi/12.3.1/../../../../arm-none-eabi/lib/thumb/v7e-m+fp/hard\libc_nano.a
LOAD C:/ST/STM32CubeIDE_1.15.1/STM32CubeIDE/plugins/com.st.stm32cube.ide.mcu.externaltools.gnu-tools-for-stm32.12.3.rel1.win32_1.0.100.202403111256/tools/bin/../lib/gcc/arm-none-eabi/12.3.1/../../../../arm-none-eabi/lib/thumb/v7e-m+fp/hard\libnosys.a
END GROUP
LOAD C:/ST/STM32CubeIDE_1.15.1/STM32CubeIDE/plugins/com.st.stm32cube.ide.mcu.externaltools.gnu-tools-for-stm32.12.3.rel1.win32_1.0.100.202403111256/tools/bin/../lib/gcc/arm-none-eabi/12.3.1/thumb/v7e-m+fp/hard/crtend.o
LOAD C:/ST/STM32CubeIDE_1.15.1/STM32CubeIDE/plugins/com.st.stm32cube.ide.mcu.externaltools.gnu-tools-for-stm32.12.3.rel1.win32_1.0.100.202403111256/tools/bin/../lib/gcc/arm-none-eabi/12.3.1/thumb/v7e-m+fp/hard/crtn.o
                0x20008000                        _estack = (ORIGIN (RAM) + LENGTH (RAM))
                0x00000200                        _Min_Heap_Size = 0x200
                0x00000400                        _Min_Stack_Size = 0x400

.isr_vector     0x08000000      0x1d8
                0x08000000                        . = ALIGN (0x4)
 *(.isr_vector)
 .isr_vector    0x08000000      0x1d8 ./Application/Startup/startup_stm32g431rbtx.o
                0x08000000                g_pfnVectors
                0x080001d8                        . = ALIGN (0x4)

.text           0x080001d8     0x8838
                0x080001d8                        . = ALIGN (0x4)
 *(.text)
 .text          0x080001d8       0x40 C:/ST/STM32CubeIDE_1.15.1/STM32CubeIDE/plugins/com.st.stm32cube.ide.mcu.externaltools.gnu-tools-for-stm32.12.3.rel1.win32_1.0.100.202403111256/tools/bin/../lib/gcc/arm-none-eabi/12.3.1/thumb/v7e-m+fp/hard/crtbegin.o
 .text          0x08000218       0x30 C:/ST/STM32CubeIDE_1.15.1/STM32CubeIDE/plugins/com.st.stm32cube.ide.mcu.externaltools.gnu-tools-for-stm32.12.3.rel1.win32_1.0.100.202403111256/tools/bin/../lib/gcc/arm-none-eabi/12.3.1/thumb/v7e-m+fp/hard\libgcc.a(_aeabi_uldivmod.o)
                0x08000218                __aeabi_uldivmod
 .text          0x08000248      0x2bc C:/ST/STM32CubeIDE_1.15.1/STM32CubeIDE/plugins/com.st.stm32cube.ide.mcu.externaltools.gnu-tools-for-stm32.12.3.rel1.win32_1.0.100.202403111256/tools/bin/../lib/gcc/arm-none-eabi/12.3.1/thumb/v7e-m+fp/hard\libgcc.a(_udivmoddi4.o)
                0x08000248                __udivmoddi4
 .text          0x08000504        0x4 C:/ST/STM32CubeIDE_1.15.1/STM32CubeIDE/plugins/com.st.stm32cube.ide.mcu.externaltools.gnu-tools-for-stm32.12.3.rel1.win32_1.0.100.202403111256/tools/bin/../lib/gcc/arm-none-eabi/12.3.1/thumb/v7e-m+fp/hard\libgcc.a(_dvmd_tls.o)
                0x08000504                __aeabi_idiv0
                0x08000504                __aeabi_ldiv0
 *(.text*)
 .text.Reset_Handler
                0x08000508       0x50 ./Application/Startup/startup_stm32g431rbtx.o
                0x08000508                Reset_Handler
 .text.Default_Handler
                0x08000558        0x2 ./Application/Startup/startup_stm32g431rbtx.o
                0x08000558                RTC_Alarm_IRQHandler
                0x08000558                EXTI2_IRQHandler
                0x08000558                TIM8_TRG_COM_IRQHandler
                0x08000558                TIM8_CC_IRQHandler
                0x08000558                DebugMon_Handler
                0x08000558                TIM1_CC_IRQHandler
                0x08000558                USB_HP_IRQHandler
                0x08000558                CORDIC_IRQHandler
                0x08000558                PendSV_Handler
                0x08000558                NMI_Handler
                0x08000558                EXTI3_IRQHandler
                0x08000558                I2C3_ER_IRQHandler
                0x08000558                EXTI0_IRQHandler
                0x08000558                I2C2_EV_IRQHandler
                0x08000558                FPU_IRQHandler
                0x08000558                FDCAN1_IT1_IRQHandler
                0x08000558                UsageFault_Handler
                0x08000558                SPI1_IRQHandler
                0x08000558                TIM6_DAC_IRQHandler
                0x08000558                TIM8_UP_IRQHandler
                0x08000558                DMA2_Channel2_IRQHandler
                0x08000558                DMA1_Channel4_IRQHandler
                0x08000558                USART3_IRQHandler
                0x08000558                TIM4_IRQHandler
                0x08000558                DMA2_Channel1_IRQHandler
                0x08000558                I2C1_EV_IRQHandler
                0x08000558                DMA1_Channel6_IRQHandler
                0x08000558                UART4_IRQHandler
                0x08000558                DMA2_Channel4_IRQHandler
                0x08000558                TIM3_IRQHandler
                0x08000558                RCC_IRQHandler
                0x08000558                DMA1_Channel1_IRQHandler
                0x08000558                Default_Handler
                0x08000558                RTC_TAMP_LSECSS_IRQHandler
                0x08000558                FMAC_IRQHandler
                0x08000558                TIM7_IRQHandler
                0x08000558                UCPD1_IRQHandler
                0x08000558                I2C3_EV_IRQHandler
                0x08000558                EXTI9_5_IRQHandler
                0x08000558                RTC_WKUP_IRQHandler
                0x08000558                PVD_PVM_IRQHandler
                0x08000558                SPI2_IRQHandler
                0x08000558                MemManage_Handler
                0x08000558                SVC_Handler
                0x08000558                DMA2_Channel5_IRQHandler
                0x08000558                CRS_IRQHandler
                0x08000558                DMA1_Channel5_IRQHandler
                0x08000558                USB_LP_IRQHandler
                0x08000558                EXTI4_IRQHandler
                0x08000558                RNG_IRQHandler
                0x08000558                TIM1_TRG_COM_TIM17_IRQHandler
                0x08000558                DMA1_Channel3_IRQHandler
                0x08000558                WWDG_IRQHandler
                0x08000558                LPUART1_IRQHandler
                0x08000558                DMA2_Channel6_IRQHandler
                0x08000558                FDCAN1_IT0_IRQHandler
                0x08000558                COMP1_2_3_IRQHandler
                0x08000558                EXTI1_IRQHandler
                0x08000558                I2C2_ER_IRQHandler
                0x08000558                DMA1_Channel2_IRQHandler
                0x08000558                TIM8_BRK_IRQHandler
                0x08000558                FLASH_IRQHandler
                0x08000558                BusFault_Handler
                0x08000558                USART1_IRQHandler
                0x08000558                SPI3_IRQHandler
                0x08000558                I2C1_ER_IRQHandler
                0x08000558                LPTIM1_IRQHandler
                0x08000558                DMAMUX_OVR_IRQHandler
                0x08000558                USBWakeUp_IRQHandler
                0x08000558                SAI1_IRQHandler
                0x08000558                DMA2_Channel3_IRQHandler
                0x08000558                COMP4_IRQHandler
 *fill*         0x0800055a        0x2 
 .text.ASPEP_start
                0x0800055c       0x28 ./Application/User/aspep.o
                0x0800055c                ASPEP_start
 .text.ASPEP_sendBeacon
                0x08000584       0x8c ./Application/User/aspep.o
                0x08000584                ASPEP_sendBeacon
 .text.ASPEP_sendPing
                0x08000610       0x8c ./Application/User/aspep.o
                0x08000610                ASPEP_sendPing
 .text.ASPEP_getBuffer
                0x0800069c       0x60 ./Application/User/aspep.o
                0x0800069c                ASPEP_getBuffer
 .text.ASPEP_sendPacket
                0x080006fc      0x118 ./Application/User/aspep.o
                0x080006fc                ASPEP_sendPacket
 .text.ASPEP_HWDataTransmittedIT
                0x08000814       0x98 ./Application/User/aspep.o
                0x08000814                ASPEP_HWDataTransmittedIT
 .text.ASPEP_RXframeProcess
                0x080008ac      0x2c0 ./Application/User/aspep.o
                0x080008ac                ASPEP_RXframeProcess
 .text.ASPEP_HWDataReceivedIT
                0x08000b6c       0x9c ./Application/User/aspep.o
                0x08000b6c                ASPEP_HWDataReceivedIT
 .text.ASPEP_HWReset
                0x08000c08       0x14 ./Application/User/aspep.o
                0x08000c08                ASPEP_HWReset
 .text.VBS_GetAvBusVoltage_V
                0x08000c1c        0xc ./Application/User/bus_voltage_sensor.o
                0x08000c1c                VBS_GetAvBusVoltage_V
 .text.Circle_Limitation
                0x08000c28       0x5c ./Application/User/circle_limitation.o
                0x08000c28                Circle_Limitation
 .text.HALL_Init
                0x08000c84      0x114 ./Application/User/hall_speed_pos_fdbk.o
                0x08000c84                HALL_Init
 .text.HALL_Clear
                0x08000d98      0x138 ./Application/User/hall_speed_pos_fdbk.o
                0x08000d98                HALL_Clear
 .text.HALL_CalcElAngle
                0x08000ed0       0x8c ./Application/User/hall_speed_pos_fdbk.o
                0x08000ed0                HALL_CalcElAngle
 .text.HALL_CalcAvrgMecSpeedUnit
                0x08000f5c       0x9c ./Application/User/hall_speed_pos_fdbk.o
                0x08000f5c                HALL_CalcAvrgMecSpeedUnit
 .text.HALL_TIMx_CC_IRQHandler
                0x08000ff8      0x358 ./Application/User/hall_speed_pos_fdbk.o
                0x08000ff8                HALL_TIMx_CC_IRQHandler
 .text.HALL_TIMx_UP_IRQHandler
                0x08001350      0x170 ./Application/User/hall_speed_pos_fdbk.o
                0x08001350                HALL_TIMx_UP_IRQHandler
 .text.HF_GetIDSize
                0x080014c0       0x18 ./Application/User/hf_registers.o
                0x080014c0                HF_GetIDSize
 .text.HF_GetPtrReg
                0x080014d8      0x10c ./Application/User/hf_registers.o
                0x080014d8                HF_GetPtrReg
 .text.SystemClock_Config
                0x080015e4       0x74 ./Application/User/main.o
                0x080015e4                SystemClock_Config
 .text.startup.main
                0x08001658      0x510 ./Application/User/main.o
                0x08001658                main
 .text.Error_Handler
                0x08001b68        0x4 ./Application/User/main.o
                0x08001b68                Error_Handler
 .text.MC_StartMotor1
                0x08001b6c        0xc ./Application/User/mc_api.o
                0x08001b6c                MC_StartMotor1
 .text.MC_StopMotor1
                0x08001b78        0xc ./Application/User/mc_api.o
                0x08001b78                MC_StopMotor1
 .text.MC_GetSTMStateMotor1
                0x08001b84        0xc ./Application/User/mc_api.o
                0x08001b84                MC_GetSTMStateMotor1
 .text.MC_ProfilerCommand
                0x08001b90        0x4 ./Application/User/mc_api.o
                0x08001b90                MC_ProfilerCommand
 .text.MC_APP_BootHook
                0x08001b94        0x4 ./Application/User/mc_app_hooks.o
                0x08001b94                MC_APP_BootHook
 .text.MC_APP_PostMediumFrequencyHook_M1
                0x08001b98        0x4 ./Application/User/mc_app_hooks.o
                0x08001b98                MC_APP_PostMediumFrequencyHook_M1
 .text.MCI_ExecSpeedRamp
                0x08001b9c       0x14 ./Application/User/mc_interface.o
                0x08001b9c                MCI_ExecSpeedRamp
 .text.MCI_ExecTorqueRamp
                0x08001bb0       0x14 ./Application/User/mc_interface.o
                0x08001bb0                MCI_ExecTorqueRamp
 .text.MCI_SetCurrentReferences
                0x08001bc4       0x14 ./Application/User/mc_interface.o
                0x08001bc4                MCI_SetCurrentReferences
 .text.MCI_FaultProcessing
                0x08001bd8       0x18 ./Application/User/mc_interface.o
                0x08001bd8                MCI_FaultProcessing
 .text.MCI_ExecBufferedCommands
                0x08001bf0       0x70 ./Application/User/mc_interface.o
                0x08001bf0                MCI_ExecBufferedCommands
 .text.MCI_GetSTMState
                0x08001c60        0x4 ./Application/User/mc_interface.o
                0x08001c60                MCI_GetSTMState
 .text.MCI_GetOccurredFaults
                0x08001c64        0x4 ./Application/User/mc_interface.o
                0x08001c64                MCI_GetOccurredFaults
 .text.MCI_GetCurrentFaults
                0x08001c68        0x4 ./Application/User/mc_interface.o
                0x08001c68                MCI_GetCurrentFaults
 .text.MCI_StartMotor
                0x08001c6c       0x2c ./Application/User/mc_interface.o
                0x08001c6c                MCI_StartMotor
 .text.MCI_StopMotor
                0x08001c98       0x38 ./Application/User/mc_interface.o
                0x08001c98                MCI_StopMotor
 .text.MCI_FaultAcknowledged
                0x08001cd0       0x24 ./Application/User/mc_interface.o
                0x08001cd0                MCI_FaultAcknowledged
 .text.MCI_GetFaultState
                0x08001cf4        0xc ./Application/User/mc_interface.o
                0x08001cf4                MCI_GetFaultState
 .text.MCI_GetControlMode
                0x08001d00        0x4 ./Application/User/mc_interface.o
                0x08001d00                MCI_GetControlMode
 .text.MCI_GetLastRampFinalSpeed
                0x08001d04        0x8 ./Application/User/mc_interface.o
                0x08001d04                MCI_GetLastRampFinalSpeed
 .text.MCI_GetLastRampFinalTorque
                0x08001d0c        0x8 ./Application/User/mc_interface.o
                0x08001d0c                MCI_GetLastRampFinalTorque
 .text.MCI_GetLastRampFinalDuration
                0x08001d14        0x4 ./Application/User/mc_interface.o
                0x08001d14                MCI_GetLastRampFinalDuration
 .text.MCI_StopRamp
                0x08001d18        0xc ./Application/User/mc_interface.o
                0x08001d18                MCI_StopRamp
 .text.MCI_GetAvrgMecSpeedUnit
                0x08001d24        0x8 ./Application/User/mc_interface.o
                0x08001d24                MCI_GetAvrgMecSpeedUnit
 .text.MCI_GetMecSpeedRefUnit
                0x08001d2c        0x8 ./Application/User/mc_interface.o
                0x08001d2c                MCI_GetMecSpeedRefUnit
 .text.MCI_GetIab
                0x08001d34       0x1c ./Application/User/mc_interface.o
                0x08001d34                MCI_GetIab
 .text.MCI_GetIalphabeta
                0x08001d50       0x1c ./Application/User/mc_interface.o
                0x08001d50                MCI_GetIalphabeta
 .text.MCI_GetIqd
                0x08001d6c       0x1c ./Application/User/mc_interface.o
                0x08001d6c                MCI_GetIqd
 .text.MCI_GetIqdref
                0x08001d88       0x1c ./Application/User/mc_interface.o
                0x08001d88                MCI_GetIqdref
 .text.MCI_GetVqd
                0x08001da4       0x1c ./Application/User/mc_interface.o
                0x08001da4                MCI_GetVqd
 .text.MCI_GetValphabeta
                0x08001dc0       0x1c ./Application/User/mc_interface.o
                0x08001dc0                MCI_GetValphabeta
 .text.MCI_GetTeref
                0x08001ddc        0x8 ./Application/User/mc_interface.o
                0x08001ddc                MCI_GetTeref
 .text.MCI_Clear_Iqdref
                0x08001de4       0x14 ./Application/User/mc_interface.o
                0x08001de4                MCI_Clear_Iqdref
 .text.MCM_Clarke
                0x08001df8       0x54 ./Application/User/mc_math.o
                0x08001df8                MCM_Clarke
 .text.MCM_Trig_Functions
                0x08001e4c       0x2c ./Application/User/mc_math.o
                0x08001e4c                MCM_Trig_Functions
 .text.MCM_Park
                0x08001e78       0x84 ./Application/User/mc_math.o
                0x08001e78                MCM_Park
 .text.MCM_Rev_Park
                0x08001efc       0x3c ./Application/User/mc_math.o
                0x08001efc                MCM_Rev_Park
 .text.MCM_Sqrt
                0x08001f38       0x20 ./Application/User/mc_math.o
                0x08001f38                MCM_Sqrt
 .text.MCboot   0x08001f58       0x68 ./Application/User/mc_tasks.o
                0x08001f58                MCboot
 .text.TSK_SetChargeBootCapDelayM1
                0x08001fc0        0xc ./Application/User/mc_tasks.o
                0x08001fc0                TSK_SetChargeBootCapDelayM1
 .text.TSK_ChargeBootCapDelayHasElapsedM1
                0x08001fcc       0x14 ./Application/User/mc_tasks.o
                0x08001fcc                TSK_ChargeBootCapDelayHasElapsedM1
 .text.TSK_SetStopPermanencyTimeM1
                0x08001fe0        0xc ./Application/User/mc_tasks.o
                0x08001fe0                TSK_SetStopPermanencyTimeM1
 .text.TSK_StopPermanencyTimeHasElapsedM1
                0x08001fec       0x14 ./Application/User/mc_tasks.o
                0x08001fec                TSK_StopPermanencyTimeHasElapsedM1
 .text.TSK_HighFrequencyTask
                0x08002000       0x2c ./Application/User/mc_tasks.o
                0x08002000                TSK_HighFrequencyTask
 .text.TSK_SafetyTask_PWMOFF
                0x0800202c       0x88 ./Application/User/mc_tasks.o
                0x0800202c                TSK_SafetyTask_PWMOFF
 .text.TSK_SafetyTask
                0x080020b4       0x18 ./Application/User/mc_tasks.o
                0x080020b4                TSK_SafetyTask
 .text.MC_RunMotorControlTasks
                0x080020cc       0x90 ./Application/User/mc_tasks.o
                0x080020cc                MC_RunMotorControlTasks
 .text.TSK_HardwareFaultTask
                0x0800215c       0x1c ./Application/User/mc_tasks.o
                0x0800215c                TSK_HardwareFaultTask
 .text.UI_HandleStartStopButton_cb
                0x08002178       0x18 ./Application/User/mc_tasks.o
                0x08002178                UI_HandleStartStopButton_cb
 .text.mc_lock_pins
                0x08002190      0x128 ./Application/User/mc_tasks.o
                0x08002190                mc_lock_pins
 .text.FOC_Clear
                0x080022b8       0x5c ./Application/User/mc_tasks_foc.o
                0x080022b8                FOC_Clear
 .text.FOC_Init
                0x08002314       0xc4 ./Application/User/mc_tasks_foc.o
                0x08002314                FOC_Init
 .text.FOC_InitAdditionalMethods
                0x080023d8        0x4 ./Application/User/mc_tasks_foc.o
                0x080023d8                FOC_InitAdditionalMethods
 .text.FOC_CalcCurrRef
                0x080023dc       0x50 ./Application/User/mc_tasks_foc.o
                0x080023dc                FOC_CalcCurrRef
 .text.TSK_MediumFrequencyTaskM1
                0x0800242c      0x1c4 ./Application/User/mc_tasks_foc.o
                0x0800242c                TSK_MediumFrequencyTaskM1
 .text.FOC_HighFrequencyTask
                0x080025f0      0x110 ./Application/User/mc_tasks_foc.o
                0x080025f0                FOC_HighFrequencyTask
 .text.RI_SetRegCommandParser
                0x08002700       0xd8 ./Application/User/mcp.o
                0x08002700                RI_SetRegCommandParser
 .text.RI_GetRegCommandParser
                0x080027d8       0x90 ./Application/User/mcp.o
                0x080027d8                RI_GetRegCommandParser
 .text.MCP_ReceivedPacket
                0x08002868      0x184 ./Application/User/mcp.o
                0x08002868                MCP_ReceivedPacket
 .text.MCPA_dataLog
                0x080029ec      0x180 ./Application/User/mcpa.o
                0x080029ec                MCPA_dataLog
 .text.MCPA_cfgLog
                0x08002b6c       0xf4 ./Application/User/mcpa.o
                0x08002b6c                MCPA_cfgLog
 .text.MX_MotorControl_Init
                0x08002c60       0x3c ./Application/User/motorcontrol.o
                0x08002c60                MX_MotorControl_Init
 .text.NTC_Init
                0x08002c9c       0x24 ./Application/User/ntc_temperature_sensor.o
                0x08002c9c                NTC_Init
 .text.NTC_CalcAvTemp
                0x08002cc0       0x4c ./Application/User/ntc_temperature_sensor.o
                0x08002cc0                NTC_CalcAvTemp
 .text.NTC_GetAvTemp_C
                0x08002d0c       0x24 ./Application/User/ntc_temperature_sensor.o
                0x08002d0c                NTC_GetAvTemp_C
 .text.PID_HandleInit
                0x08002d30       0x10 ./Application/User/pid_regulator.o
                0x08002d30                PID_HandleInit
 .text.PID_SetKP
                0x08002d40        0x4 ./Application/User/pid_regulator.o
                0x08002d40                PID_SetKP
 .text.PID_SetKI
                0x08002d44        0x4 ./Application/User/pid_regulator.o
                0x08002d44                PID_SetKI
 .text.PID_GetKP
                0x08002d48        0x8 ./Application/User/pid_regulator.o
                0x08002d48                PID_GetKP
 .text.PID_GetKI
                0x08002d50        0x8 ./Application/User/pid_regulator.o
                0x08002d50                PID_GetKI
 .text.PID_SetIntegralTerm
                0x08002d58        0x4 ./Application/User/pid_regulator.o
                0x08002d58                PID_SetIntegralTerm
 .text.PID_GetKPDivisorPOW2
                0x08002d5c        0x4 ./Application/User/pid_regulator.o
                0x08002d5c                PID_GetKPDivisorPOW2
 .text.PID_SetKPDivisorPOW2
                0x08002d60        0xc ./Application/User/pid_regulator.o
                0x08002d60                PID_SetKPDivisorPOW2
 .text.PID_GetKIDivisorPOW2
                0x08002d6c        0x4 ./Application/User/pid_regulator.o
                0x08002d6c                PID_GetKIDivisorPOW2
 .text.PID_SetLowerIntegralTermLimit
                0x08002d70        0x4 ./Application/User/pid_regulator.o
                0x08002d70                PID_SetLowerIntegralTermLimit
 .text.PID_SetUpperIntegralTermLimit
                0x08002d74        0x4 ./Application/User/pid_regulator.o
                0x08002d74                PID_SetUpperIntegralTermLimit
 .text.PID_SetKIDivisorPOW2
                0x08002d78       0x28 ./Application/User/pid_regulator.o
                0x08002d78                PID_SetKIDivisorPOW2
 .text.PID_SetKD
                0x08002da0        0x4 ./Application/User/pid_regulator.o
                0x08002da0                PID_SetKD
 .text.PID_GetKD
                0x08002da4        0x8 ./Application/User/pid_regulator.o
                0x08002da4                PID_GetKD
 .text.PID_GetKDDivisorPOW2
                0x08002dac        0x4 ./Application/User/pid_regulator.o
                0x08002dac                PID_GetKDDivisorPOW2
 .text.PID_SetKDDivisorPOW2
                0x08002db0        0xc ./Application/User/pid_regulator.o
                0x08002db0                PID_SetKDDivisorPOW2
 .text.PI_Controller
                0x08002dbc       0x8c ./Application/User/pid_regulator.o
                0x08002dbc                PI_Controller
 .text.PQD_CalcElMotorPower
                0x08002e48       0x38 ./Application/User/pqd_motor_power_measurement.o
                0x08002e48                PQD_CalcElMotorPower
 .text.PQD_GetAvrgElMotorPowerW
                0x08002e80       0x34 ./Application/User/pqd_motor_power_measurement.o
                0x08002e80                PQD_GetAvrgElMotorPowerW
 .text.startTimers
                0x08002eb4       0xac ./Application/User/pwm_common.o
                0x08002eb4                startTimers
 .text.waitForPolarizationEnd
                0x08002f60       0x3c ./Application/User/pwm_common.o
                0x08002f60                waitForPolarizationEnd
 .text.PWMC_SetPhaseVoltage
                0x08002f9c      0x248 ./Application/User/pwm_curr_fdbk.o
                0x08002f9c                PWMC_SetPhaseVoltage
 .text.PWMC_SwitchOffPWM
                0x080031e4        0x4 ./Application/User/pwm_curr_fdbk.o
                0x080031e4                PWMC_SwitchOffPWM
 .text.PWMC_SwitchOnPWM
                0x080031e8        0x4 ./Application/User/pwm_curr_fdbk.o
                0x080031e8                PWMC_SwitchOnPWM
 .text.PWMC_CurrentReadingCalibr
                0x080031ec       0x34 ./Application/User/pwm_curr_fdbk.o
                0x080031ec                PWMC_CurrentReadingCalibr
 .text.PWMC_DP_Handler
                0x08003220       0x14 ./Application/User/pwm_curr_fdbk.o
                0x08003220                PWMC_DP_Handler
 .text.PWMC_OVP_Handler
                0x08003234       0x1c ./Application/User/pwm_curr_fdbk.o
                0x08003234                PWMC_OVP_Handler
 .text.PWMC_IsFaultOccurred
                0x08003250       0x38 ./Application/User/pwm_curr_fdbk.o
                0x08003250                PWMC_IsFaultOccurred
 .text.R3_2_ADCxInit
                0x08003288       0xe8 ./Application/User/r3_2_g4xx_pwm_curr_fdbk.o
 .text.R3_2_GetPhaseCurrents
                0x08003370      0x17c ./Application/User/r3_2_g4xx_pwm_curr_fdbk.o
                0x08003370                R3_2_GetPhaseCurrents
 .text.R3_2_SetADCSampPointPolarization
                0x080034ec       0x44 ./Application/User/r3_2_g4xx_pwm_curr_fdbk.o
                0x080034ec                R3_2_SetADCSampPointPolarization
 .text.R3_2_HFCurrentsPolarizationAB
                0x08003530       0x58 ./Application/User/r3_2_g4xx_pwm_curr_fdbk.o
 .text.R3_2_HFCurrentsPolarizationC
                0x08003588       0x4c ./Application/User/r3_2_g4xx_pwm_curr_fdbk.o
 .text.R3_2_SwitchOnPWM
                0x080035d4       0xc0 ./Application/User/r3_2_g4xx_pwm_curr_fdbk.o
                0x080035d4                R3_2_SwitchOnPWM
 .text.R3_2_RLGetPhaseCurrents
                0x08003694       0x54 ./Application/User/r3_2_g4xx_pwm_curr_fdbk.o
 .text.R3_2_RLSwitchOnPWM
                0x080036e8       0x84 ./Application/User/r3_2_g4xx_pwm_curr_fdbk.o
 .text.R3_2_TurnOnLowSides
                0x0800376c       0x74 ./Application/User/r3_2_g4xx_pwm_curr_fdbk.o
                0x0800376c                R3_2_TurnOnLowSides
 .text.R3_2_SwitchOffPWM
                0x080037e0       0x4c ./Application/User/r3_2_g4xx_pwm_curr_fdbk.o
                0x080037e0                R3_2_SwitchOffPWM
 .text.R3_2_SetAOReferenceVoltage
                0x0800382c       0x98 ./Application/User/r3_2_g4xx_pwm_curr_fdbk.o
 .text.R3_2_RLTurnOnLowSides
                0x080038c4       0x4c ./Application/User/r3_2_g4xx_pwm_curr_fdbk.o
 .text.R3_2_Init
                0x08003910      0x2a0 ./Application/User/r3_2_g4xx_pwm_curr_fdbk.o
                0x08003910                R3_2_Init
 .text.R3_2_SetOffsetCalib
                0x08003bb0       0x1c ./Application/User/r3_2_g4xx_pwm_curr_fdbk.o
                0x08003bb0                R3_2_SetOffsetCalib
 .text.R3_2_GetOffsetCalib
                0x08003bcc       0x10 ./Application/User/r3_2_g4xx_pwm_curr_fdbk.o
                0x08003bcc                R3_2_GetOffsetCalib
 .text.R3_2_CurrentReadingPolarization
                0x08003bdc      0x134 ./Application/User/r3_2_g4xx_pwm_curr_fdbk.o
                0x08003bdc                R3_2_CurrentReadingPolarization
 .text.R3_2_SetADCSampPointSectX
                0x08003d10       0x88 ./Application/User/r3_2_g4xx_pwm_curr_fdbk.o
                0x08003d10                R3_2_SetADCSampPointSectX
 .text.R3_2_TIMx_UP_IRQHandler
                0x08003d98       0xa0 ./Application/User/r3_2_g4xx_pwm_curr_fdbk.o
                0x08003d98                R3_2_TIMx_UP_IRQHandler
 .text.R3_2_RLDetectionModeEnable
                0x08003e38       0xdc ./Application/User/r3_2_g4xx_pwm_curr_fdbk.o
                0x08003e38                R3_2_RLDetectionModeEnable
 .text.R3_2_RLDetectionModeDisable
                0x08003f14      0x130 ./Application/User/r3_2_g4xx_pwm_curr_fdbk.o
                0x08003f14                R3_2_RLDetectionModeDisable
 .text.R3_2_RLDetectionModeSetDuty
                0x08004044       0x7c ./Application/User/r3_2_g4xx_pwm_curr_fdbk.o
                0x08004044                R3_2_RLDetectionModeSetDuty
 .text.R3_2_RLTurnOnLowSidesAndStart
                0x080040c0       0x9c ./Application/User/r3_2_g4xx_pwm_curr_fdbk.o
                0x080040c0                R3_2_RLTurnOnLowSidesAndStart
 .text.RVBS_Init
                0x0800415c        0xc ./Application/User/r_divider_bus_voltage_sensor.o
                0x0800415c                RVBS_Init
 .text.RVBS_CalcAvVbus
                0x08004168       0x70 ./Application/User/r_divider_bus_voltage_sensor.o
                0x08004168                RVBS_CalcAvVbus
 .text.REMNG_Init
                0x080041d8       0x10 ./Application/User/ramp_ext_mngr.o
                0x080041d8                REMNG_Init
 .text.RCM_RegisterRegConv
                0x080041e8       0xcc ./Application/User/regular_conversion_manager.o
                0x080041e8                RCM_RegisterRegConv
 .text.RCM_ExecNextConv
                0x080042b4       0x6c ./Application/User/regular_conversion_manager.o
                0x080042b4                RCM_ExecNextConv
 .text.RCM_ReadOngoingConv
                0x08004320       0x44 ./Application/User/regular_conversion_manager.o
                0x08004320                RCM_ReadOngoingConv
 .text.SPD_GetAvrgMecSpeedUnit
                0x08004364        0x8 ./Application/User/speed_pos_fdbk.o
                0x08004364                SPD_GetAvrgMecSpeedUnit
 .text.SPD_IsMecSpeedReliable
                0x0800436c       0x6c ./Application/User/speed_pos_fdbk.o
                0x0800436c                SPD_IsMecSpeedReliable
 .text.SPD_GetS16Speed
                0x080043d8        0x8 ./Application/User/speed_pos_fdbk.o
                0x080043d8                SPD_GetS16Speed
 .text.STC_Init
                0x080043e0       0x2c ./Application/User/speed_torq_ctrl.o
                0x080043e0                STC_Init
 .text.STC_Clear
                0x0800440c       0x18 ./Application/User/speed_torq_ctrl.o
                0x0800440c                STC_Clear
 .text.STC_GetMecSpeedRefUnit
                0x08004424        0x8 ./Application/User/speed_torq_ctrl.o
                0x08004424                STC_GetMecSpeedRefUnit
 .text.STC_SetControlMode
                0x0800442c        0x8 ./Application/User/speed_torq_ctrl.o
                0x0800442c                STC_SetControlMode
 .text.STC_ExecRamp
                0x08004434       0x90 ./Application/User/speed_torq_ctrl.o
                0x08004434                STC_ExecRamp
 .text.STC_CalcTorqueReference
                0x080044c4       0x6c ./Application/User/speed_torq_ctrl.o
                0x080044c4                STC_CalcTorqueReference
 .text.STC_GetMecSpeedRefUnitDefault
                0x08004530        0x8 ./Application/User/speed_torq_ctrl.o
                0x08004530                STC_GetMecSpeedRefUnitDefault
 .text.STC_GetDefaultIqdref
                0x08004538       0x1c ./Application/User/speed_torq_ctrl.o
                0x08004538                STC_GetDefaultIqdref
 .text.STC_ForceSpeedReferenceToCurrentSpeed
                0x08004554       0x10 ./Application/User/speed_torq_ctrl.o
                0x08004554                STC_ForceSpeedReferenceToCurrentSpeed
 .text.USART2_IRQHandler
                0x08004564      0x11c ./Application/User/stm32_mc_common_it.o
                0x08004564                USART2_IRQHandler
 .text.HardFault_Handler
                0x08004680        0x8 ./Application/User/stm32_mc_common_it.o
                0x08004680                HardFault_Handler
 .text.SysTick_Handler
                0x08004688       0x44 ./Application/User/stm32_mc_common_it.o
                0x08004688                SysTick_Handler
 .text.EXTI15_10_IRQHandler
                0x080046cc       0x18 ./Application/User/stm32_mc_common_it.o
                0x080046cc                EXTI15_10_IRQHandler
 .text.HAL_MspInit
                0x080046e4       0x40 ./Application/User/stm32g4xx_hal_msp.o
                0x080046e4                HAL_MspInit
 *fill*         0x08004724        0x4 
 .text.HAL_ADC_MspInit
                0x08004728      0x138 ./Application/User/stm32g4xx_hal_msp.o
                0x08004728                HAL_ADC_MspInit
 .text.HAL_CORDIC_MspInit
                0x08004860       0x30 ./Application/User/stm32g4xx_hal_msp.o
                0x08004860                HAL_CORDIC_MspInit
 .text.HAL_TIM_PWM_MspInit
                0x08004890       0x74 ./Application/User/stm32g4xx_hal_msp.o
                0x08004890                HAL_TIM_PWM_MspInit
 .text.HAL_TIM_Base_MspInit
                0x08004904       0x90 ./Application/User/stm32g4xx_hal_msp.o
                0x08004904                HAL_TIM_Base_MspInit
 *fill*         0x08004994        0x4 
 .text.HAL_TIM_MspPostInit
                0x08004998       0x74 ./Application/User/stm32g4xx_hal_msp.o
                0x08004998                HAL_TIM_MspPostInit
 .text.HAL_UART_MspInit
                0x08004a0c       0xfc ./Application/User/stm32g4xx_hal_msp.o
                0x08004a0c                HAL_UART_MspInit
 .text.ADC1_2_IRQHandler
                0x08004b08        0xc ./Application/User/stm32g4xx_mc_it.o
                0x08004b08                ADC1_2_IRQHandler
 .text.TIM2_IRQHandler
                0x08004b14       0x38 ./Application/User/stm32g4xx_mc_it.o
                0x08004b14                TIM2_IRQHandler
 .text.TIM1_UP_TIM16_IRQHandler
                0x08004b4c       0x18 ./Application/User/stm32g4xx_mc_it.o
                0x08004b4c                TIM1_UP_TIM16_IRQHandler
 .text.TIM1_BRK_TIM15_IRQHandler
                0x08004b64       0x3c ./Application/User/stm32g4xx_mc_it.o
                0x08004b64                TIM1_BRK_TIM15_IRQHandler
 .text.RI_SetRegisterGlobal
                0x08004ba0      0x104 ./Application/User/sync_registers.o
                0x08004ba0                RI_SetRegisterGlobal
 .text.RI_SetRegisterMotor1
                0x08004ca4      0x42c ./Application/User/sync_registers.o
                0x08004ca4                RI_SetRegisterMotor1
 .text.RI_GetRegisterGlobal
                0x080050d0      0x134 ./Application/User/sync_registers.o
                0x080050d0                RI_GetRegisterGlobal
 .text.RI_GetRegisterMotor1
                0x08005204      0x5e8 ./Application/User/sync_registers.o
                0x08005204                RI_GetRegisterMotor1
 .text.UASPEP_INIT
                0x080057ec       0x84 ./Application/User/usart_aspep_driver.o
                0x080057ec                UASPEP_INIT
 .text.UASPEP_CFG_TRANSMISSION
                0x08005870       0x38 ./Application/User/usart_aspep_driver.o
                0x08005870                UASPEP_CFG_TRANSMISSION
 .text.UASPEP_CFG_RECEPTION
                0x080058a8       0x38 ./Application/User/usart_aspep_driver.o
                0x080058a8                UASPEP_CFG_RECEPTION
 .text.UASPEP_IDLE_ENABLE
                0x080058e0       0x18 ./Application/User/usart_aspep_driver.o
                0x080058e0                UASPEP_IDLE_ENABLE
 .text.SystemInit
                0x080058f8       0x14 ./Drivers/CMSIS/system_stm32g4xx.o
                0x080058f8                SystemInit
 .text.HAL_InitTick
                0x0800590c       0x4c ./Drivers/STM32G4xx_HAL_Driver/stm32g4xx_hal.o
                0x0800590c                HAL_InitTick
 .text.HAL_Init
                0x08005958       0x30 ./Drivers/STM32G4xx_HAL_Driver/stm32g4xx_hal.o
                0x08005958                HAL_Init
 .text.HAL_IncTick
                0x08005988       0x18 ./Drivers/STM32G4xx_HAL_Driver/stm32g4xx_hal.o
                0x08005988                HAL_IncTick
 .text.HAL_GetTick
                0x080059a0        0xc ./Drivers/STM32G4xx_HAL_Driver/stm32g4xx_hal.o
                0x080059a0                HAL_GetTick
 .text.HAL_ADC_Init
                0x080059ac      0x1f4 ./Drivers/STM32G4xx_HAL_Driver/stm32g4xx_hal_adc.o
                0x080059ac                HAL_ADC_Init
 .text.HAL_ADC_ConfigChannel
                0x08005ba0      0x4a4 ./Drivers/STM32G4xx_HAL_Driver/stm32g4xx_hal_adc.o
                0x08005ba0                HAL_ADC_ConfigChannel
 .text.HAL_ADCEx_InjectedConfigChannel
                0x08006044      0x5c0 ./Drivers/STM32G4xx_HAL_Driver/stm32g4xx_hal_adc_ex.o
                0x08006044                HAL_ADCEx_InjectedConfigChannel
 .text.HAL_ADCEx_MultiModeConfigChannel
                0x08006604       0xcc ./Drivers/STM32G4xx_HAL_Driver/stm32g4xx_hal_adc_ex.o
                0x08006604                HAL_ADCEx_MultiModeConfigChannel
 .text.HAL_CORDIC_Init
                0x080066d0       0x34 ./Drivers/STM32G4xx_HAL_Driver/stm32g4xx_hal_cordic.o
                0x080066d0                HAL_CORDIC_Init
 .text.HAL_NVIC_SetPriorityGrouping
                0x08006704       0x24 ./Drivers/STM32G4xx_HAL_Driver/stm32g4xx_hal_cortex.o
                0x08006704                HAL_NVIC_SetPriorityGrouping
 .text.HAL_NVIC_SetPriority
                0x08006728       0x78 ./Drivers/STM32G4xx_HAL_Driver/stm32g4xx_hal_cortex.o
                0x08006728                HAL_NVIC_SetPriority
 .text.HAL_NVIC_EnableIRQ
                0x080067a0       0x1c ./Drivers/STM32G4xx_HAL_Driver/stm32g4xx_hal_cortex.o
                0x080067a0                HAL_NVIC_EnableIRQ
 .text.HAL_NVIC_SystemReset
                0x080067bc       0x24 ./Drivers/STM32G4xx_HAL_Driver/stm32g4xx_hal_cortex.o
                0x080067bc                HAL_NVIC_SystemReset
 .text.HAL_SYSTICK_Config
                0x080067e0       0x34 ./Drivers/STM32G4xx_HAL_Driver/stm32g4xx_hal_cortex.o
                0x080067e0                HAL_SYSTICK_Config
 .text.HAL_SYSTICK_Callback
                0x08006814        0x4 ./Drivers/STM32G4xx_HAL_Driver/stm32g4xx_hal_cortex.o
                0x08006814                HAL_SYSTICK_Callback
 .text.HAL_SYSTICK_IRQHandler
                0x08006818        0x8 ./Drivers/STM32G4xx_HAL_Driver/stm32g4xx_hal_cortex.o
                0x08006818                HAL_SYSTICK_IRQHandler
 .text.HAL_DMA_Init
                0x08006820      0x12c ./Drivers/STM32G4xx_HAL_Driver/stm32g4xx_hal_dma.o
                0x08006820                HAL_DMA_Init
 .text.HAL_GPIO_Init
                0x0800694c      0x1fc ./Drivers/STM32G4xx_HAL_Driver/stm32g4xx_hal_gpio.o
                0x0800694c                HAL_GPIO_Init
 .text.HAL_GPIO_WritePin
                0x08006b48        0xc ./Drivers/STM32G4xx_HAL_Driver/stm32g4xx_hal_gpio.o
                0x08006b48                HAL_GPIO_WritePin
 .text.HAL_PWREx_ControlVoltageScaling
                0x08006b54       0xe4 ./Drivers/STM32G4xx_HAL_Driver/stm32g4xx_hal_pwr_ex.o
                0x08006b54                HAL_PWREx_ControlVoltageScaling
 .text.HAL_PWREx_DisableUCPDDeadBattery
                0x08006c38       0x10 ./Drivers/STM32G4xx_HAL_Driver/stm32g4xx_hal_pwr_ex.o
                0x08006c38                HAL_PWREx_DisableUCPDDeadBattery
 .text.HAL_RCC_OscConfig
                0x08006c48      0x48c ./Drivers/STM32G4xx_HAL_Driver/stm32g4xx_hal_rcc.o
                0x08006c48                HAL_RCC_OscConfig
 .text.HAL_RCC_GetSysClockFreq
                0x080070d4       0x70 ./Drivers/STM32G4xx_HAL_Driver/stm32g4xx_hal_rcc.o
                0x080070d4                HAL_RCC_GetSysClockFreq
 .text.HAL_RCC_ClockConfig
                0x08007144      0x208 ./Drivers/STM32G4xx_HAL_Driver/stm32g4xx_hal_rcc.o
                0x08007144                HAL_RCC_ClockConfig
 .text.HAL_RCC_GetHCLKFreq
                0x0800734c        0xc ./Drivers/STM32G4xx_HAL_Driver/stm32g4xx_hal_rcc.o
                0x0800734c                HAL_RCC_GetHCLKFreq
 .text.HAL_RCC_GetPCLK1Freq
                0x08007358       0x24 ./Drivers/STM32G4xx_HAL_Driver/stm32g4xx_hal_rcc.o
                0x08007358                HAL_RCC_GetPCLK1Freq
 .text.HAL_RCC_GetPCLK2Freq
                0x0800737c       0x24 ./Drivers/STM32G4xx_HAL_Driver/stm32g4xx_hal_rcc.o
                0x0800737c                HAL_RCC_GetPCLK2Freq
 .text.HAL_RCC_EnableCSS
                0x080073a0       0x10 ./Drivers/STM32G4xx_HAL_Driver/stm32g4xx_hal_rcc.o
                0x080073a0                HAL_RCC_EnableCSS
 .text.HAL_RCCEx_PeriphCLKConfig
                0x080073b0      0x2a0 ./Drivers/STM32G4xx_HAL_Driver/stm32g4xx_hal_rcc_ex.o
                0x080073b0                HAL_RCCEx_PeriphCLKConfig
 .text.TIM_OC1_SetConfig
                0x08007650       0x7c ./Drivers/STM32G4xx_HAL_Driver/stm32g4xx_hal_tim.o
 .text.TIM_OC3_SetConfig
                0x080076cc       0x88 ./Drivers/STM32G4xx_HAL_Driver/stm32g4xx_hal_tim.o
 .text.TIM_OC4_SetConfig
                0x08007754       0x88 ./Drivers/STM32G4xx_HAL_Driver/stm32g4xx_hal_tim.o
 .text.HAL_TIM_Base_Init
                0x080077dc       0xfc ./Drivers/STM32G4xx_HAL_Driver/stm32g4xx_hal_tim.o
                0x080077dc                HAL_TIM_Base_Init
 .text.HAL_TIM_PWM_Init
                0x080078d8       0xfc ./Drivers/STM32G4xx_HAL_Driver/stm32g4xx_hal_tim.o
                0x080078d8                HAL_TIM_PWM_Init
 .text.HAL_TIM_ConfigClockSource
                0x080079d4      0x218 ./Drivers/STM32G4xx_HAL_Driver/stm32g4xx_hal_tim.o
                0x080079d4                HAL_TIM_ConfigClockSource
 .text.TIM_Base_SetConfig
                0x08007bec       0xa4 ./Drivers/STM32G4xx_HAL_Driver/stm32g4xx_hal_tim.o
                0x08007bec                TIM_Base_SetConfig
 .text.TIM_OC2_SetConfig
                0x08007c90       0x88 ./Drivers/STM32G4xx_HAL_Driver/stm32g4xx_hal_tim.o
                0x08007c90                TIM_OC2_SetConfig
 .text.HAL_TIM_PWM_ConfigChannel
                0x08007d18      0x1cc ./Drivers/STM32G4xx_HAL_Driver/stm32g4xx_hal_tim.o
                0x08007d18                HAL_TIM_PWM_ConfigChannel
 .text.TIM_TI1_SetConfig
                0x08007ee4       0x90 ./Drivers/STM32G4xx_HAL_Driver/stm32g4xx_hal_tim.o
                0x08007ee4                TIM_TI1_SetConfig
 .text.HAL_TIMEx_HallSensor_MspInit
                0x08007f74        0x4 ./Drivers/STM32G4xx_HAL_Driver/stm32g4xx_hal_tim_ex.o
                0x08007f74                HAL_TIMEx_HallSensor_MspInit
 .text.HAL_TIMEx_HallSensor_Init
                0x08007f78       0xd4 ./Drivers/STM32G4xx_HAL_Driver/stm32g4xx_hal_tim_ex.o
                0x08007f78                HAL_TIMEx_HallSensor_Init
 .text.HAL_TIMEx_MasterConfigSynchronization
                0x0800804c       0xa4 ./Drivers/STM32G4xx_HAL_Driver/stm32g4xx_hal_tim_ex.o
                0x0800804c                HAL_TIMEx_MasterConfigSynchronization
 .text.HAL_TIMEx_ConfigBreakDeadTime
                0x080080f0       0x9c ./Drivers/STM32G4xx_HAL_Driver/stm32g4xx_hal_tim_ex.o
                0x080080f0                HAL_TIMEx_ConfigBreakDeadTime
 .text.HAL_TIMEx_ConfigBreakInput
                0x0800818c       0xb0 ./Drivers/STM32G4xx_HAL_Driver/stm32g4xx_hal_tim_ex.o
                0x0800818c                HAL_TIMEx_ConfigBreakInput
 .text.UART_SetConfig
                0x0800823c      0x294 ./Drivers/STM32G4xx_HAL_Driver/stm32g4xx_hal_uart.o
                0x0800823c                UART_SetConfig
 .text.UART_AdvFeatureConfig
                0x080084d0       0xb0 ./Drivers/STM32G4xx_HAL_Driver/stm32g4xx_hal_uart.o
                0x080084d0                UART_AdvFeatureConfig
 .text.UART_CheckIdleState
                0x08008580      0x258 ./Drivers/STM32G4xx_HAL_Driver/stm32g4xx_hal_uart.o
                0x08008580                UART_CheckIdleState
 .text.HAL_UART_Init
                0x080087d8       0x68 ./Drivers/STM32G4xx_HAL_Driver/stm32g4xx_hal_uart.o
                0x080087d8                HAL_UART_Init
 .text.HAL_UARTEx_DisableFifoMode
                0x08008840       0x3c ./Drivers/STM32G4xx_HAL_Driver/stm32g4xx_hal_uart_ex.o
                0x08008840                HAL_UARTEx_DisableFifoMode
 .text.HAL_UARTEx_SetTxFifoThreshold
                0x0800887c       0x84 ./Drivers/STM32G4xx_HAL_Driver/stm32g4xx_hal_uart_ex.o
                0x0800887c                HAL_UARTEx_SetTxFifoThreshold
 .text.HAL_UARTEx_SetRxFifoThreshold
                0x08008900       0x84 ./Drivers/STM32G4xx_HAL_Driver/stm32g4xx_hal_uart_ex.o
                0x08008900                HAL_UARTEx_SetRxFifoThreshold
 .text.memset   0x08008984       0x10 C:/ST/STM32CubeIDE_1.15.1/STM32CubeIDE/plugins/com.st.stm32cube.ide.mcu.externaltools.gnu-tools-for-stm32.12.3.rel1.win32_1.0.100.202403111256/tools/bin/../lib/gcc/arm-none-eabi/12.3.1/../../../../arm-none-eabi/lib/thumb/v7e-m+fp/hard\libc_nano.a(libc_a-memset.o)
                0x08008984                memset
 .text.__libc_init_array
                0x08008994       0x48 C:/ST/STM32CubeIDE_1.15.1/STM32CubeIDE/plugins/com.st.stm32cube.ide.mcu.externaltools.gnu-tools-for-stm32.12.3.rel1.win32_1.0.100.202403111256/tools/bin/../lib/gcc/arm-none-eabi/12.3.1/../../../../arm-none-eabi/lib/thumb/v7e-m+fp/hard\libc_nano.a(libc_a-init.o)
                0x08008994                __libc_init_array
 .text.memcpy   0x080089dc       0x1c C:/ST/STM32CubeIDE_1.15.1/STM32CubeIDE/plugins/com.st.stm32cube.ide.mcu.externaltools.gnu-tools-for-stm32.12.3.rel1.win32_1.0.100.202403111256/tools/bin/../lib/gcc/arm-none-eabi/12.3.1/../../../../arm-none-eabi/lib/thumb/v7e-m+fp/hard\libc_nano.a(libc_a-memcpy-stub.o)
                0x080089dc                memcpy
 *(.glue_7)
 .glue_7        0x080089f8        0x0 linker stubs
 *(.glue_7t)
 .glue_7t       0x080089f8        0x0 linker stubs
 *(.eh_frame)
 .eh_frame      0x080089f8        0x0 C:/ST/STM32CubeIDE_1.15.1/STM32CubeIDE/plugins/com.st.stm32cube.ide.mcu.externaltools.gnu-tools-for-stm32.12.3.rel1.win32_1.0.100.202403111256/tools/bin/../lib/gcc/arm-none-eabi/12.3.1/thumb/v7e-m+fp/hard/crtbegin.o
 *(.init)
 .init          0x080089f8        0x4 C:/ST/STM32CubeIDE_1.15.1/STM32CubeIDE/plugins/com.st.stm32cube.ide.mcu.externaltools.gnu-tools-for-stm32.12.3.rel1.win32_1.0.100.202403111256/tools/bin/../lib/gcc/arm-none-eabi/12.3.1/thumb/v7e-m+fp/hard/crti.o
                0x080089f8                _init
 .init          0x080089fc        0x8 C:/ST/STM32CubeIDE_1.15.1/STM32CubeIDE/plugins/com.st.stm32cube.ide.mcu.externaltools.gnu-tools-for-stm32.12.3.rel1.win32_1.0.100.202403111256/tools/bin/../lib/gcc/arm-none-eabi/12.3.1/thumb/v7e-m+fp/hard/crtn.o
 *(.fini)
 .fini          0x08008a04        0x4 C:/ST/STM32CubeIDE_1.15.1/STM32CubeIDE/plugins/com.st.stm32cube.ide.mcu.externaltools.gnu-tools-for-stm32.12.3.rel1.win32_1.0.100.202403111256/tools/bin/../lib/gcc/arm-none-eabi/12.3.1/thumb/v7e-m+fp/hard/crti.o
                0x08008a04                _fini
 .fini          0x08008a08        0x8 C:/ST/STM32CubeIDE_1.15.1/STM32CubeIDE/plugins/com.st.stm32cube.ide.mcu.externaltools.gnu-tools-for-stm32.12.3.rel1.win32_1.0.100.202403111256/tools/bin/../lib/gcc/arm-none-eabi/12.3.1/thumb/v7e-m+fp/hard/crtn.o
                0x08008a10                        . = ALIGN (0x4)
                0x08008a10                        _etext = .

.vfp11_veneer   0x08008a10        0x0
 .vfp11_veneer  0x08008a10        0x0 linker stubs

.v4_bx          0x08008a10        0x0
 .v4_bx         0x08008a10        0x0 linker stubs

.iplt           0x08008a10        0x0
 .iplt          0x08008a10        0x0 C:/ST/STM32CubeIDE_1.15.1/STM32CubeIDE/plugins/com.st.stm32cube.ide.mcu.externaltools.gnu-tools-for-stm32.12.3.rel1.win32_1.0.100.202403111256/tools/bin/../lib/gcc/arm-none-eabi/12.3.1/thumb/v7e-m+fp/hard/crtbegin.o

.rodata         0x08008a10      0x3b8
                0x08008a10                        . = ALIGN (0x4)
 *(.rodata)
 *(.rodata*)
 .rodata.CRC4_Lookup4
                0x08008a10       0x10 ./Application/User/aspep.o
 .rodata.CRC4_Lookup8
                0x08008a20      0x100 ./Application/User/aspep.o
 .rodata.CSWTCH.1
                0x08008b20       0x11 ./Application/User/hf_registers.o
 *fill*         0x08008b31        0x3 
 .rodata.M1_FOCConfig_reg
                0x08008b34        0xe ./Application/User/mc_configuration_registers.o
 *fill*         0x08008b42        0x2 
 .rodata.M1_MotorConfig_reg
                0x08008b44       0x3c ./Application/User/mc_configuration_registers.o
 .rodata.M1_ApplicationConfig_reg
                0x08008b80       0x10 ./Application/User/mc_configuration_registers.o
 .rodata.globalConfig_reg
                0x08008b90        0xa ./Application/User/mc_configuration_registers.o
                0x08008b90                globalConfig_reg
 *fill*         0x08008b9a        0x2 
 .rodata.FIRMWARE_NAME
                0x08008b9c       0x14 ./Application/User/mc_configuration_registers.o
                0x08008b9c                FIRMWARE_NAME
 .rodata.M1_PWR_BOARD
                0x08008bb0       0x11 ./Application/User/mc_configuration_registers.o
 *fill*         0x08008bc1        0x3 
 .rodata.CTL_BOARD
                0x08008bc4        0xe ./Application/User/mc_configuration_registers.o
                0x08008bc4                CTL_BOARD
 *fill*         0x08008bd2        0x2 
 .rodata.R3_2_ParamsM1
                0x08008bd4       0xac ./Application/User/mc_parameters.o
                0x08008bd4                R3_2_ParamsM1
 .rodata.CHANNEL_OFFSET_TAB
                0x08008c80        0x6 ./Application/User/usart_aspep_driver.o
 *fill*         0x08008c86        0x2 
 .rodata.APBPrescTable
                0x08008c88        0x8 ./Drivers/CMSIS/system_stm32g4xx.o
                0x08008c88                APBPrescTable
 .rodata.AHBPrescTable
                0x08008c90       0x10 ./Drivers/CMSIS/system_stm32g4xx.o
                0x08008c90                AHBPrescTable
 .rodata.CSWTCH.115
                0x08008ca0       0x40 ./Drivers/STM32G4xx_HAL_Driver/stm32g4xx_hal_tim_ex.o
 .rodata.CSWTCH.114
                0x08008ce0       0x40 ./Drivers/STM32G4xx_HAL_Driver/stm32g4xx_hal_tim_ex.o
 .rodata.CSWTCH.113
                0x08008d20       0x40 ./Drivers/STM32G4xx_HAL_Driver/stm32g4xx_hal_tim_ex.o
 .rodata.CSWTCH.112
                0x08008d60       0x40 ./Drivers/STM32G4xx_HAL_Driver/stm32g4xx_hal_tim_ex.o
 .rodata.UARTPrescTable
                0x08008da0       0x18 ./Drivers/STM32G4xx_HAL_Driver/stm32g4xx_hal_uart.o
                0x08008da0                UARTPrescTable
 .rodata.denominator.0
                0x08008db8        0x8 ./Drivers/STM32G4xx_HAL_Driver/stm32g4xx_hal_uart_ex.o
 .rodata.numerator.1
                0x08008dc0        0x8 ./Drivers/STM32G4xx_HAL_Driver/stm32g4xx_hal_uart_ex.o
                0x08008dc8                        . = ALIGN (0x4)

.ARM.extab      0x08008dc8        0x0
                0x08008dc8                        . = ALIGN (0x4)
 *(.ARM.extab* .gnu.linkonce.armextab.*)
                0x08008dc8                        . = ALIGN (0x4)

.ARM            0x08008dc8        0x8
                0x08008dc8                        . = ALIGN (0x4)
                0x08008dc8                        __exidx_start = .
 *(.ARM.exidx*)
 .ARM.exidx     0x08008dc8        0x8 C:/ST/STM32CubeIDE_1.15.1/STM32CubeIDE/plugins/com.st.stm32cube.ide.mcu.externaltools.gnu-tools-for-stm32.12.3.rel1.win32_1.0.100.202403111256/tools/bin/../lib/gcc/arm-none-eabi/12.3.1/thumb/v7e-m+fp/hard\libgcc.a(_udivmoddi4.o)
                0x08008dd0                        __exidx_end = .
                0x08008dd0                        . = ALIGN (0x4)

.preinit_array  0x08008dd0        0x0
                0x08008dd0                        . = ALIGN (0x4)
                0x08008dd0                        PROVIDE (__preinit_array_start = .)
 *(.preinit_array*)
                0x08008dd0                        PROVIDE (__preinit_array_end = .)
                0x08008dd0                        . = ALIGN (0x4)

.init_array     0x08008dd0        0x4
                0x08008dd0                        . = ALIGN (0x4)
                0x08008dd0                        PROVIDE (__init_array_start = .)
 *(SORT_BY_NAME(.init_array.*))
 *(.init_array*)
 .init_array    0x08008dd0        0x4 C:/ST/STM32CubeIDE_1.15.1/STM32CubeIDE/plugins/com.st.stm32cube.ide.mcu.externaltools.gnu-tools-for-stm32.12.3.rel1.win32_1.0.100.202403111256/tools/bin/../lib/gcc/arm-none-eabi/12.3.1/thumb/v7e-m+fp/hard/crtbegin.o
                0x08008dd4                        PROVIDE (__init_array_end = .)
                0x08008dd4                        . = ALIGN (0x4)

.fini_array     0x08008dd4        0x4
                0x08008dd4                        . = ALIGN (0x4)
                [!provide]                        PROVIDE (__fini_array_start = .)
 *(SORT_BY_NAME(.fini_array.*))
 *(.fini_array*)
 .fini_array    0x08008dd4        0x4 C:/ST/STM32CubeIDE_1.15.1/STM32CubeIDE/plugins/com.st.stm32cube.ide.mcu.externaltools.gnu-tools-for-stm32.12.3.rel1.win32_1.0.100.202403111256/tools/bin/../lib/gcc/arm-none-eabi/12.3.1/thumb/v7e-m+fp/hard/crtbegin.o
                [!provide]                        PROVIDE (__fini_array_end = .)
                0x08008dd8                        . = ALIGN (0x4)
                0x08008dd8                        _sidata = LOADADDR (.data)

.rel.dyn        0x08008dd8        0x0
 .rel.iplt      0x08008dd8        0x0 C:/ST/STM32CubeIDE_1.15.1/STM32CubeIDE/plugins/com.st.stm32cube.ide.mcu.externaltools.gnu-tools-for-stm32.12.3.rel1.win32_1.0.100.202403111256/tools/bin/../lib/gcc/arm-none-eabi/12.3.1/thumb/v7e-m+fp/hard/crtbegin.o

.data           0x20000000      0x3d0 load address 0x08008dd8
                0x20000000                        . = ALIGN (0x4)
                0x20000000                        _sdata = .
 *(.data)
 *(.data*)
 .data.Mci      0x20000000       0x28 ./Application/User/mc_config.o
                0x20000000                Mci
 .data.pMPM     0x20000028        0x4 ./Application/User/mc_config.o
                0x20000028                pMPM
 .data.pPIDId   0x2000002c        0x4 ./Application/User/mc_config.o
                0x2000002c                pPIDId
 .data.pPIDIq   0x20000030        0x4 ./Application/User/mc_config.o
                0x20000030                pPIDIq
 .data.pSTC     0x20000034        0x4 ./Application/User/mc_config.o
                0x20000034                pSTC
 .data.CircleLimitationM1
                0x20000038        0x4 ./Application/User/mc_config.o
                0x20000038                CircleLimitationM1
 .data.RampExtMngrHFParamsM1
                0x2000003c       0x18 ./Application/User/mc_config.o
                0x2000003c                RampExtMngrHFParamsM1
 .data.HALL_M1  0x20000054       0xd0 ./Application/User/mc_config.o
                0x20000054                HALL_M1
 .data.PWM_Handle_M1
                0x20000124       0xa0 ./Application/User/mc_config.o
                0x20000124                PWM_Handle_M1
 .data.SpeednTorqCtrlM1
                0x200001c4       0x38 ./Application/User/mc_config.o
                0x200001c4                SpeednTorqCtrlM1
 .data.PIDIdHandle_M1
                0x200001fc       0x2c ./Application/User/mc_config.o
                0x200001fc                PIDIdHandle_M1
 .data.PIDIqHandle_M1
                0x20000228       0x2c ./Application/User/mc_config.o
                0x20000228                PIDIqHandle_M1
 .data.PIDSpeedHandle_M1
                0x20000254       0x2c ./Application/User/mc_config.o
                0x20000254                PIDSpeedHandle_M1
 .data.PQD_MotorPowMeasM1
                0x20000280       0x10 ./Application/User/mc_config.o
                0x20000280                PQD_MotorPowMeasM1
 .data.BusVoltageSensor_M1
                0x20000290       0x12 ./Application/User/mc_config_common.o
                0x20000290                BusVoltageSensor_M1
 *fill*         0x200002a2        0x2 
 .data.VbusRegConv_M1
                0x200002a4       0x10 ./Application/User/mc_config_common.o
                0x200002a4                VbusRegConv_M1
 .data.TempSensor_M1
                0x200002b4       0x18 ./Application/User/mc_config_common.o
                0x200002b4                TempSensor_M1
 .data.TempRegConv_M1
                0x200002cc       0x10 ./Application/User/mc_config_common.o
                0x200002cc                TempRegConv_M1
 .data.ApplicationConfig_reg
                0x200002dc        0x4 ./Application/User/mc_configuration_registers.o
                0x200002dc                ApplicationConfig_reg
 .data.MotorConfig_reg
                0x200002e0        0x4 ./Application/User/mc_configuration_registers.o
                0x200002e0                MotorConfig_reg
 .data.FOCConfig_reg
                0x200002e4        0x4 ./Application/User/mc_configuration_registers.o
                0x200002e4                FOCConfig_reg
 .data.PWR_BOARD_NAME
                0x200002e8        0x4 ./Application/User/mc_configuration_registers.o
                0x200002e8                PWR_BOARD_NAME
 .data.scaleParams_M1
                0x200002ec       0x10 ./Application/User/mc_parameters.o
                0x200002ec                scaleParams_M1
 .data.MCPA_UART_A
                0x200002fc       0x2c ./Application/User/mcp_config.o
                0x200002fc                MCPA_UART_A
 .data.MCP_Over_UartA
                0x20000328       0x10 ./Application/User/mcp_config.o
                0x20000328                MCP_Over_UartA
 .data.aspepOverUartA
                0x20000338       0x74 ./Application/User/mcp_config.o
                0x20000338                aspepOverUartA
 .data.UASPEP_A
                0x200003ac       0x14 ./Application/User/mcp_config.o
 .data.SystickDividerCounter.0
                0x200003c0        0x1 ./Application/User/stm32_mc_common_it.o
 *fill*         0x200003c1        0x3 
 .data.SystemCoreClock
                0x200003c4        0x4 ./Drivers/CMSIS/system_stm32g4xx.o
                0x200003c4                SystemCoreClock
 .data.uwTickFreq
                0x200003c8        0x4 ./Drivers/STM32G4xx_HAL_Driver/stm32g4xx_hal.o
                0x200003c8                uwTickFreq
 .data.uwTickPrio
                0x200003cc        0x4 ./Drivers/STM32G4xx_HAL_Driver/stm32g4xx_hal.o
                0x200003cc                uwTickPrio
 *(.RamFunc)
 *(.RamFunc*)
                0x200003d0                        . = ALIGN (0x4)
                0x200003d0                        _edata = .

.igot.plt       0x200003d0        0x0 load address 0x080091a8
 .igot.plt      0x200003d0        0x0 C:/ST/STM32CubeIDE_1.15.1/STM32CubeIDE/plugins/com.st.stm32cube.ide.mcu.externaltools.gnu-tools-for-stm32.12.3.rel1.win32_1.0.100.202403111256/tools/bin/../lib/gcc/arm-none-eabi/12.3.1/thumb/v7e-m+fp/hard/crtbegin.o
                0x200003d0                        . = ALIGN (0x4)

.bss            0x200003d0     0x15f0 load address 0x080091a8
                0x200003d0                        _sbss = .
                0x200003d0                        __bss_start__ = _sbss
 *(.bss)
 .bss           0x200003d0       0x1c C:/ST/STM32CubeIDE_1.15.1/STM32CubeIDE/plugins/com.st.stm32cube.ide.mcu.externaltools.gnu-tools-for-stm32.12.3.rel1.win32_1.0.100.202403111256/tools/bin/../lib/gcc/arm-none-eabi/12.3.1/thumb/v7e-m+fp/hard/crtbegin.o
 *(.bss*)
 .bss.nullData16.0
                0x200003ec        0x2 ./Application/User/hf_registers.o
 *fill*         0x200003ee        0x2 
 .bss.hdma_usart2_tx
                0x200003f0       0x60 ./Application/User/main.o
                0x200003f0                hdma_usart2_tx
 .bss.hdma_usart2_rx
                0x20000450       0x60 ./Application/User/main.o
                0x20000450                hdma_usart2_rx
 .bss.huart2    0x200004b0       0x94 ./Application/User/main.o
                0x200004b0                huart2
 .bss.htim2     0x20000544       0x4c ./Application/User/main.o
                0x20000544                htim2
 .bss.htim1     0x20000590       0x4c ./Application/User/main.o
                0x20000590                htim1
 .bss.hcordic   0x200005dc       0x28 ./Application/User/main.o
                0x200005dc                hcordic
 .bss.hadc2     0x20000604       0x6c ./Application/User/main.o
                0x20000604                hadc2
 .bss.hadc1     0x20000670       0x6c ./Application/User/main.o
                0x20000670                hadc1
 .bss.pREMNG    0x200006dc        0x4 ./Application/User/mc_config.o
                0x200006dc                pREMNG
 .bss.FOCVars   0x200006e0       0x22 ./Application/User/mc_config.o
                0x200006e0                FOCVars
 *fill*         0x20000702        0x2 
 .bss.pwmcHandle
                0x20000704        0x4 ./Application/User/mc_config_common.o
                0x20000704                pwmcHandle
 .bss.bMCBootCompleted
                0x20000708        0x1 ./Application/User/mc_tasks.o
 *fill*         0x20000709        0x1 
 .bss.hStopPermanencyCounterM1
                0x2000070a        0x2 ./Application/User/mc_tasks.o
 .bss.hBootCapDelayCounterM1
                0x2000070c        0x2 ./Application/User/mc_tasks.o
 .bss.hMFTaskCounterM1
                0x2000070e        0x2 ./Application/User/mc_tasks.o
 .bss.MCP_UserCallBack
                0x20000710        0x8 ./Application/User/mcp_config.o
                0x20000710                MCP_UserCallBack
 .bss.dataSizeTableBuffA
                0x20000718        0xa ./Application/User/mcp_config.o
 *fill*         0x20000722        0x2 
 .bss.dataSizeTableA
                0x20000724        0xa ./Application/User/mcp_config.o
 *fill*         0x2000072e        0x2 
 .bss.dataPtrTableBuffA
                0x20000730       0x28 ./Application/User/mcp_config.o
 .bss.dataPtrTableA
                0x20000758       0x28 ./Application/User/mcp_config.o
 .bss.MCPAsyncBuffUARTA_B
                0x20000780      0x806 ./Application/User/mcp_config.o
 *fill*         0x20000f86        0x2 
 .bss.MCPAsyncBuffUARTA_A
                0x20000f88      0x806 ./Application/User/mcp_config.o
 *fill*         0x2000178e        0x2 
 .bss.MCPSyncRXBuff
                0x20001790      0x102 ./Application/User/mcp_config.o
 *fill*         0x20001892        0x2 
 .bss.MCPSyncTxBuff
                0x20001894      0x106 ./Application/User/mcp_config.o
 *fill*         0x2000199a        0x2 
 .bss.GLOBAL_TIMESTAMP
                0x2000199c        0x4 ./Application/User/mcpa.o
                0x2000199c                GLOBAL_TIMESTAMP
 .bss.pMCI      0x200019a0        0x4 ./Application/User/motorcontrol.o
                0x200019a0                pMCI
 .bss.RCM_conversion_nb
                0x200019a4        0x1 ./Application/User/regular_conversion_manager.o
 .bss.RCM_array_index
                0x200019a5        0x1 ./Application/User/regular_conversion_manager.o
 *fill*         0x200019a6        0x2 
 .bss.RCM_handle_array
                0x200019a8       0x10 ./Application/User/regular_conversion_manager.o
 .bss.HAL_RCC_ADC12_CLK_ENABLED
                0x200019b8        0x4 ./Application/User/stm32g4xx_hal_msp.o
 .bss.uwTick    0x200019bc        0x4 ./Drivers/STM32G4xx_HAL_Driver/stm32g4xx_hal.o
                0x200019bc                uwTick
 *(COMMON)
                0x200019c0                        . = ALIGN (0x4)
                0x200019c0                        _ebss = .
                0x200019c0                        __bss_end__ = _ebss

._user_heap_stack
                0x200019c0      0x600 load address 0x080091a8
                0x200019c0                        . = ALIGN (0x8)
                [!provide]                        PROVIDE (end = .)
                0x200019c0                        PROVIDE (_end = .)
                0x20001bc0                        . = (. + _Min_Heap_Size)
 *fill*         0x200019c0      0x200 
                0x20001fc0                        . = (. + _Min_Stack_Size)
 *fill*         0x20001bc0      0x400 
                0x20001fc0                        . = ALIGN (0x8)

/DISCARD/
 libc.a(*)
 libm.a(*)
 libgcc.a(*)

.ARM.attributes
                0x00000000       0x30
 *(.ARM.attributes)
 .ARM.attributes
                0x00000000       0x22 C:/ST/STM32CubeIDE_1.15.1/STM32CubeIDE/plugins/com.st.stm32cube.ide.mcu.externaltools.gnu-tools-for-stm32.12.3.rel1.win32_1.0.100.202403111256/tools/bin/../lib/gcc/arm-none-eabi/12.3.1/thumb/v7e-m+fp/hard/crti.o
 .ARM.attributes
                0x00000022       0x34 C:/ST/STM32CubeIDE_1.15.1/STM32CubeIDE/plugins/com.st.stm32cube.ide.mcu.externaltools.gnu-tools-for-stm32.12.3.rel1.win32_1.0.100.202403111256/tools/bin/../lib/gcc/arm-none-eabi/12.3.1/thumb/v7e-m+fp/hard/crtbegin.o
 .ARM.attributes
                0x00000056       0x21 ./Application/Startup/startup_stm32g431rbtx.o
 .ARM.attributes
                0x00000077       0x30 ./Application/User/aspep.o
 .ARM.attributes
                0x000000a7       0x30 ./Application/User/bus_voltage_sensor.o
 .ARM.attributes
                0x000000d7       0x30 ./Application/User/circle_limitation.o
 .ARM.attributes
                0x00000107       0x30 ./Application/User/hall_speed_pos_fdbk.o
 .ARM.attributes
                0x00000137       0x30 ./Application/User/hf_registers.o
 .ARM.attributes
                0x00000167       0x30 ./Application/User/main.o
 .ARM.attributes
                0x00000197       0x30 ./Application/User/mc_api.o
 .ARM.attributes
                0x000001c7       0x30 ./Application/User/mc_app_hooks.o
 .ARM.attributes
                0x000001f7       0x30 ./Application/User/mc_config.o
 .ARM.attributes
                0x00000227       0x30 ./Application/User/mc_config_common.o
 .ARM.attributes
                0x00000257       0x30 ./Application/User/mc_configuration_registers.o
 .ARM.attributes
                0x00000287       0x30 ./Application/User/mc_interface.o
 .ARM.attributes
                0x000002b7       0x30 ./Application/User/mc_math.o
 .ARM.attributes
                0x000002e7       0x30 ./Application/User/mc_parameters.o
 .ARM.attributes
                0x00000317       0x30 ./Application/User/mc_tasks.o
 .ARM.attributes
                0x00000347       0x30 ./Application/User/mc_tasks_foc.o
 .ARM.attributes
                0x00000377       0x30 ./Application/User/mcp.o
 .ARM.attributes
                0x000003a7       0x30 ./Application/User/mcp_config.o
 .ARM.attributes
                0x000003d7       0x30 ./Application/User/mcpa.o
 .ARM.attributes
                0x00000407       0x30 ./Application/User/motorcontrol.o
 .ARM.attributes
                0x00000437       0x30 ./Application/User/ntc_temperature_sensor.o
 .ARM.attributes
                0x00000467       0x30 ./Application/User/pid_regulator.o
 .ARM.attributes
                0x00000497       0x30 ./Application/User/pqd_motor_power_measurement.o
 .ARM.attributes
                0x000004c7       0x30 ./Application/User/pwm_common.o
 .ARM.attributes
                0x000004f7       0x30 ./Application/User/pwm_curr_fdbk.o
 .ARM.attributes
                0x00000527       0x30 ./Application/User/r3_2_g4xx_pwm_curr_fdbk.o
 .ARM.attributes
                0x00000557       0x30 ./Application/User/r_divider_bus_voltage_sensor.o
 .ARM.attributes
                0x00000587       0x30 ./Application/User/ramp_ext_mngr.o
 .ARM.attributes
                0x000005b7       0x30 ./Application/User/regular_conversion_manager.o
 .ARM.attributes
                0x000005e7       0x30 ./Application/User/speed_pos_fdbk.o
 .ARM.attributes
                0x00000617       0x30 ./Application/User/speed_torq_ctrl.o
 .ARM.attributes
                0x00000647       0x30 ./Application/User/stm32_mc_common_it.o
 .ARM.attributes
                0x00000677       0x30 ./Application/User/stm32g4xx_hal_msp.o
 .ARM.attributes
                0x000006a7       0x30 ./Application/User/stm32g4xx_mc_it.o
 .ARM.attributes
                0x000006d7       0x30 ./Application/User/sync_registers.o
 .ARM.attributes
                0x00000707       0x30 ./Application/User/usart_aspep_driver.o
 .ARM.attributes
                0x00000737       0x30 ./Drivers/CMSIS/system_stm32g4xx.o
 .ARM.attributes
                0x00000767       0x30 ./Drivers/STM32G4xx_HAL_Driver/stm32g4xx_hal.o
 .ARM.attributes
                0x00000797       0x30 ./Drivers/STM32G4xx_HAL_Driver/stm32g4xx_hal_adc.o
 .ARM.attributes
                0x000007c7       0x30 ./Drivers/STM32G4xx_HAL_Driver/stm32g4xx_hal_adc_ex.o
 .ARM.attributes
                0x000007f7       0x30 ./Drivers/STM32G4xx_HAL_Driver/stm32g4xx_hal_cordic.o
 .ARM.attributes
                0x00000827       0x30 ./Drivers/STM32G4xx_HAL_Driver/stm32g4xx_hal_cortex.o
 .ARM.attributes
                0x00000857       0x30 ./Drivers/STM32G4xx_HAL_Driver/stm32g4xx_hal_dma.o
 .ARM.attributes
                0x00000887       0x30 ./Drivers/STM32G4xx_HAL_Driver/stm32g4xx_hal_gpio.o
 .ARM.attributes
                0x000008b7       0x30 ./Drivers/STM32G4xx_HAL_Driver/stm32g4xx_hal_pwr_ex.o
 .ARM.attributes
                0x000008e7       0x30 ./Drivers/STM32G4xx_HAL_Driver/stm32g4xx_hal_rcc.o
 .ARM.attributes
                0x00000917       0x30 ./Drivers/STM32G4xx_HAL_Driver/stm32g4xx_hal_rcc_ex.o
 .ARM.attributes
                0x00000947       0x30 ./Drivers/STM32G4xx_HAL_Driver/stm32g4xx_hal_tim.o
 .ARM.attributes
                0x00000977       0x30 ./Drivers/STM32G4xx_HAL_Driver/stm32g4xx_hal_tim_ex.o
 .ARM.attributes
                0x000009a7       0x30 ./Drivers/STM32G4xx_HAL_Driver/stm32g4xx_hal_uart.o
 .ARM.attributes
                0x000009d7       0x30 ./Drivers/STM32G4xx_HAL_Driver/stm32g4xx_hal_uart_ex.o
 .ARM.attributes
                0x00000a07       0x34 C:/ST/STM32CubeIDE_1.15.1/STM32CubeIDE/plugins/com.st.stm32cube.ide.mcu.externaltools.gnu-tools-for-stm32.12.3.rel1.win32_1.0.100.202403111256/tools/bin/../lib/gcc/arm-none-eabi/12.3.1/../../../../arm-none-eabi/lib/thumb/v7e-m+fp/hard\libc_nano.a(libc_a-memset.o)
 .ARM.attributes
                0x00000a3b       0x34 C:/ST/STM32CubeIDE_1.15.1/STM32CubeIDE/plugins/com.st.stm32cube.ide.mcu.externaltools.gnu-tools-for-stm32.12.3.rel1.win32_1.0.100.202403111256/tools/bin/../lib/gcc/arm-none-eabi/12.3.1/../../../../arm-none-eabi/lib/thumb/v7e-m+fp/hard\libc_nano.a(libc_a-init.o)
 .ARM.attributes
                0x00000a6f       0x34 C:/ST/STM32CubeIDE_1.15.1/STM32CubeIDE/plugins/com.st.stm32cube.ide.mcu.externaltools.gnu-tools-for-stm32.12.3.rel1.win32_1.0.100.202403111256/tools/bin/../lib/gcc/arm-none-eabi/12.3.1/../../../../arm-none-eabi/lib/thumb/v7e-m+fp/hard\libc_nano.a(libc_a-memcpy-stub.o)
 .ARM.attributes
                0x00000aa3       0x22 C:/ST/STM32CubeIDE_1.15.1/STM32CubeIDE/plugins/com.st.stm32cube.ide.mcu.externaltools.gnu-tools-for-stm32.12.3.rel1.win32_1.0.100.202403111256/tools/bin/../lib/gcc/arm-none-eabi/12.3.1/thumb/v7e-m+fp/hard\libgcc.a(_aeabi_uldivmod.o)
 .ARM.attributes
                0x00000ac5       0x34 C:/ST/STM32CubeIDE_1.15.1/STM32CubeIDE/plugins/com.st.stm32cube.ide.mcu.externaltools.gnu-tools-for-stm32.12.3.rel1.win32_1.0.100.202403111256/tools/bin/../lib/gcc/arm-none-eabi/12.3.1/thumb/v7e-m+fp/hard\libgcc.a(_udivmoddi4.o)
 .ARM.attributes
                0x00000af9       0x22 C:/ST/STM32CubeIDE_1.15.1/STM32CubeIDE/plugins/com.st.stm32cube.ide.mcu.externaltools.gnu-tools-for-stm32.12.3.rel1.win32_1.0.100.202403111256/tools/bin/../lib/gcc/arm-none-eabi/12.3.1/thumb/v7e-m+fp/hard\libgcc.a(_dvmd_tls.o)
 .ARM.attributes
                0x00000b1b       0x22 C:/ST/STM32CubeIDE_1.15.1/STM32CubeIDE/plugins/com.st.stm32cube.ide.mcu.externaltools.gnu-tools-for-stm32.12.3.rel1.win32_1.0.100.202403111256/tools/bin/../lib/gcc/arm-none-eabi/12.3.1/thumb/v7e-m+fp/hard/crtn.o
OUTPUT(BL42S-24040N_FOC_Clean.elf elf32-littlearm)
LOAD linker stubs
LOAD C:/ST/STM32CubeIDE_1.15.1/STM32CubeIDE/plugins/com.st.stm32cube.ide.mcu.externaltools.gnu-tools-for-stm32.12.3.rel1.win32_1.0.100.202403111256/tools/bin/../lib/gcc/arm-none-eabi/12.3.1/../../../../arm-none-eabi/lib/thumb/v7e-m+fp/hard\libc.a
LOAD C:/ST/STM32CubeIDE_1.15.1/STM32CubeIDE/plugins/com.st.stm32cube.ide.mcu.externaltools.gnu-tools-for-stm32.12.3.rel1.win32_1.0.100.202403111256/tools/bin/../lib/gcc/arm-none-eabi/12.3.1/../../../../arm-none-eabi/lib/thumb/v7e-m+fp/hard\libm.a
LOAD C:/ST/STM32CubeIDE_1.15.1/STM32CubeIDE/plugins/com.st.stm32cube.ide.mcu.externaltools.gnu-tools-for-stm32.12.3.rel1.win32_1.0.100.202403111256/tools/bin/../lib/gcc/arm-none-eabi/12.3.1/thumb/v7e-m+fp/hard\libgcc.a

.comment        0x00000000       0x43
 .comment       0x00000000       0x43 ./Application/User/aspep.o
                                 0x44 (size before relaxing)
 .comment       0x00000043       0x44 ./Application/User/bus_voltage_sensor.o
 .comment       0x00000043       0x44 ./Application/User/circle_limitation.o
 .comment       0x00000043       0x44 ./Application/User/hall_speed_pos_fdbk.o
 .comment       0x00000043       0x44 ./Application/User/hf_registers.o
 .comment       0x00000043       0x44 ./Application/User/main.o
 .comment       0x00000043       0x44 ./Application/User/mc_api.o
 .comment       0x00000043       0x44 ./Application/User/mc_app_hooks.o
 .comment       0x00000043       0x44 ./Application/User/mc_config.o
 .comment       0x00000043       0x44 ./Application/User/mc_config_common.o
 .comment       0x00000043       0x44 ./Application/User/mc_configuration_registers.o
 .comment       0x00000043       0x44 ./Application/User/mc_interface.o
 .comment       0x00000043       0x44 ./Application/User/mc_math.o
 .comment       0x00000043       0x44 ./Application/User/mc_parameters.o
 .comment       0x00000043       0x44 ./Application/User/mc_tasks.o
 .comment       0x00000043       0x44 ./Application/User/mc_tasks_foc.o
 .comment       0x00000043       0x44 ./Application/User/mcp.o
 .comment       0x00000043       0x44 ./Application/User/mcp_config.o
 .comment       0x00000043       0x44 ./Application/User/mcpa.o
 .comment       0x00000043       0x44 ./Application/User/motorcontrol.o
 .comment       0x00000043       0x44 ./Application/User/ntc_temperature_sensor.o
 .comment       0x00000043       0x44 ./Application/User/pid_regulator.o
 .comment       0x00000043       0x44 ./Application/User/pqd_motor_power_measurement.o
 .comment       0x00000043       0x44 ./Application/User/pwm_common.o
 .comment       0x00000043       0x44 ./Application/User/pwm_curr_fdbk.o
 .comment       0x00000043       0x44 ./Application/User/r3_2_g4xx_pwm_curr_fdbk.o
 .comment       0x00000043       0x44 ./Application/User/r_divider_bus_voltage_sensor.o
 .comment       0x00000043       0x44 ./Application/User/ramp_ext_mngr.o
 .comment       0x00000043       0x44 ./Application/User/regular_conversion_manager.o
 .comment       0x00000043       0x44 ./Application/User/speed_pos_fdbk.o
 .comment       0x00000043       0x44 ./Application/User/speed_torq_ctrl.o
 .comment       0x00000043       0x44 ./Application/User/stm32_mc_common_it.o
 .comment       0x00000043       0x44 ./Application/User/stm32g4xx_hal_msp.o
 .comment       0x00000043       0x44 ./Application/User/stm32g4xx_mc_it.o
 .comment       0x00000043       0x44 ./Application/User/sync_registers.o
 .comment       0x00000043       0x44 ./Application/User/usart_aspep_driver.o
 .comment       0x00000043       0x44 ./Drivers/CMSIS/system_stm32g4xx.o
 .comment       0x00000043       0x44 ./Drivers/STM32G4xx_HAL_Driver/stm32g4xx_hal.o
 .comment       0x00000043       0x44 ./Drivers/STM32G4xx_HAL_Driver/stm32g4xx_hal_adc.o
 .comment       0x00000043       0x44 ./Drivers/STM32G4xx_HAL_Driver/stm32g4xx_hal_adc_ex.o
 .comment       0x00000043       0x44 ./Drivers/STM32G4xx_HAL_Driver/stm32g4xx_hal_cordic.o
 .comment       0x00000043       0x44 ./Drivers/STM32G4xx_HAL_Driver/stm32g4xx_hal_cortex.o
 .comment       0x00000043       0x44 ./Drivers/STM32G4xx_HAL_Driver/stm32g4xx_hal_dma.o
 .comment       0x00000043       0x44 ./Drivers/STM32G4xx_HAL_Driver/stm32g4xx_hal_gpio.o
 .comment       0x00000043       0x44 ./Drivers/STM32G4xx_HAL_Driver/stm32g4xx_hal_pwr_ex.o
 .comment       0x00000043       0x44 ./Drivers/STM32G4xx_HAL_Driver/stm32g4xx_hal_rcc.o
 .comment       0x00000043       0x44 ./Drivers/STM32G4xx_HAL_Driver/stm32g4xx_hal_rcc_ex.o
 .comment       0x00000043       0x44 ./Drivers/STM32G4xx_HAL_Driver/stm32g4xx_hal_tim.o
 .comment       0x00000043       0x44 ./Drivers/STM32G4xx_HAL_Driver/stm32g4xx_hal_tim_ex.o
 .comment       0x00000043       0x44 ./Drivers/STM32G4xx_HAL_Driver/stm32g4xx_hal_uart.o
 .comment       0x00000043       0x44 ./Drivers/STM32G4xx_HAL_Driver/stm32g4xx_hal_uart_ex.o

.debug_frame    0x00000000       0xd4
 .debug_frame   0x00000000       0x20 C:/ST/STM32CubeIDE_1.15.1/STM32CubeIDE/plugins/com.st.stm32cube.ide.mcu.externaltools.gnu-tools-for-stm32.12.3.rel1.win32_1.0.100.202403111256/tools/bin/../lib/gcc/arm-none-eabi/12.3.1/../../../../arm-none-eabi/lib/thumb/v7e-m+fp/hard\libc_nano.a(libc_a-memset.o)
 .debug_frame   0x00000020       0x2c C:/ST/STM32CubeIDE_1.15.1/STM32CubeIDE/plugins/com.st.stm32cube.ide.mcu.externaltools.gnu-tools-for-stm32.12.3.rel1.win32_1.0.100.202403111256/tools/bin/../lib/gcc/arm-none-eabi/12.3.1/../../../../arm-none-eabi/lib/thumb/v7e-m+fp/hard\libc_nano.a(libc_a-init.o)
 .debug_frame   0x0000004c       0x28 C:/ST/STM32CubeIDE_1.15.1/STM32CubeIDE/plugins/com.st.stm32cube.ide.mcu.externaltools.gnu-tools-for-stm32.12.3.rel1.win32_1.0.100.202403111256/tools/bin/../lib/gcc/arm-none-eabi/12.3.1/../../../../arm-none-eabi/lib/thumb/v7e-m+fp/hard\libc_nano.a(libc_a-memcpy-stub.o)
 .debug_frame   0x00000074       0x2c C:/ST/STM32CubeIDE_1.15.1/STM32CubeIDE/plugins/com.st.stm32cube.ide.mcu.externaltools.gnu-tools-for-stm32.12.3.rel1.win32_1.0.100.202403111256/tools/bin/../lib/gcc/arm-none-eabi/12.3.1/thumb/v7e-m+fp/hard\libgcc.a(_aeabi_uldivmod.o)
 .debug_frame   0x000000a0       0x34 C:/ST/STM32CubeIDE_1.15.1/STM32CubeIDE/plugins/com.st.stm32cube.ide.mcu.externaltools.gnu-tools-for-stm32.12.3.rel1.win32_1.0.100.202403111256/tools/bin/../lib/gcc/arm-none-eabi/12.3.1/thumb/v7e-m+fp/hard\libgcc.a(_udivmoddi4.o)
