D:/4_GIT_SRC_CODE/bldc/BL42S-24040N_FOC_Clean/Src/r3_2_g4xx_pwm_curr_fdbk.c:259:13:R3_2_ADCxInit	16	static
D:/4_GIT_SRC_CODE/bldc/BL42S-24040N_FOC_Clean/Src/r3_2_g4xx_pwm_curr_fdbk.c:584:13:R3_2_GetPhaseCurrents	12	static
D:/4_GIT_SRC_CODE/bldc/BL42S-24040N_FOC_Clean/Src/r3_2_g4xx_pwm_curr_fdbk.c:1093:10:R3_2_SetADCSampPointPolarization	4	static
D:/4_GIT_SRC_CODE/bldc/BL42S-24040N_FOC_Clean/Src/r3_2_g4xx_pwm_curr_fdbk.c:1324:13:R3_2_HFCurrentsPolarizationAB	8	static
D:/4_GIT_SRC_CODE/bldc/BL42S-24040N_FOC_Clean/Src/r3_2_g4xx_pwm_curr_fdbk.c:1374:13:R3_2_HFCurrentsPolarizationC	4	static
D:/4_GIT_SRC_CODE/bldc/BL42S-24040N_FOC_Clean/Src/r3_2_g4xx_pwm_curr_fdbk.c:1463:13:R3_2_SwitchOnPWM	16	static
D:/4_GIT_SRC_CODE/bldc/BL42S-24040N_FOC_Clean/Src/r3_2_g4xx_pwm_curr_fdbk.c:1893:13:R3_2_RLGetPhaseCurrents	4	static
D:/4_GIT_SRC_CODE/bldc/BL42S-24040N_FOC_Clean/Src/r3_2_g4xx_pwm_curr_fdbk.c:1987:13:R3_2_RLSwitchOnPWM	16	static
D:/4_GIT_SRC_CODE/bldc/BL42S-24040N_FOC_Clean/Src/r3_2_g4xx_pwm_curr_fdbk.c:1422:13:R3_2_TurnOnLowSides	4	static
D:/4_GIT_SRC_CODE/bldc/BL42S-24040N_FOC_Clean/Src/r3_2_g4xx_pwm_curr_fdbk.c:1519:13:R3_2_SwitchOffPWM	4	static
D:/4_GIT_SRC_CODE/bldc/BL42S-24040N_FOC_Clean/Src/r3_2_g4xx_pwm_curr_fdbk.c:1640:13:R3_2_SetAOReferenceVoltage	16	static
D:/4_GIT_SRC_CODE/bldc/BL42S-24040N_FOC_Clean/Src/r3_2_g4xx_pwm_curr_fdbk.c:1948:13:R3_2_RLTurnOnLowSides	4	static
D:/4_GIT_SRC_CODE/bldc/BL42S-24040N_FOC_Clean/Src/r3_2_g4xx_pwm_curr_fdbk.c:82:13:R3_2_Init	64	static
D:/4_GIT_SRC_CODE/bldc/BL42S-24040N_FOC_Clean/Src/r3_2_g4xx_pwm_curr_fdbk.c:425:13:R3_2_SetOffsetCalib	4	static
D:/4_GIT_SRC_CODE/bldc/BL42S-24040N_FOC_Clean/Src/r3_2_g4xx_pwm_curr_fdbk.c:450:13:R3_2_GetOffsetCalib	0	static
D:/4_GIT_SRC_CODE/bldc/BL42S-24040N_FOC_Clean/Src/r3_2_g4xx_pwm_curr_fdbk.c:476:13:R3_2_CurrentReadingPolarization	40	static,ignoring_inline_asm
D:/4_GIT_SRC_CODE/bldc/BL42S-24040N_FOC_Clean/Src/r3_2_g4xx_pwm_curr_fdbk.c:756:13:R3_2_GetPhaseCurrents_OVM	12	static
D:/4_GIT_SRC_CODE/bldc/BL42S-24040N_FOC_Clean/Src/r3_2_g4xx_pwm_curr_fdbk.c:1117:10:R3_2_SetADCSampPointSectX	12	static
D:/4_GIT_SRC_CODE/bldc/BL42S-24040N_FOC_Clean/Src/r3_2_g4xx_pwm_curr_fdbk.c:1202:10:R3_2_SetADCSampPointSectX_OVM	12	static
D:/4_GIT_SRC_CODE/bldc/BL42S-24040N_FOC_Clean/Src/r3_2_g4xx_pwm_curr_fdbk.c:1559:14:R3_2_TIMx_UP_IRQHandler	12	static
D:/4_GIT_SRC_CODE/bldc/BL42S-24040N_FOC_Clean/Src/r3_2_g4xx_pwm_curr_fdbk.c:1674:6:R3_2_RLDetectionModeEnable	4	static,ignoring_inline_asm
D:/4_GIT_SRC_CODE/bldc/BL42S-24040N_FOC_Clean/Src/r3_2_g4xx_pwm_curr_fdbk.c:1732:6:R3_2_RLDetectionModeDisable	4	static,ignoring_inline_asm
D:/4_GIT_SRC_CODE/bldc/BL42S-24040N_FOC_Clean/Src/r3_2_g4xx_pwm_curr_fdbk.c:1819:10:R3_2_RLDetectionModeSetDuty	4	static
D:/4_GIT_SRC_CODE/bldc/BL42S-24040N_FOC_Clean/Src/r3_2_g4xx_pwm_curr_fdbk.c:2050:6:R3_2_RLTurnOnLowSidesAndStart	8	static
