D:/4_GIT_SRC_CODE/bldc/BL42S-24040N_FOC_Clean/Src/speed_torq_ctrl.c:74:13:STC_Init	4	static
D:/4_GIT_SRC_CODE/bldc/BL42S-24040N_FOC_Clean/Src/speed_torq_ctrl.c:105:13:STC_SetSpeedSensor	0	static
D:/4_GIT_SRC_CODE/bldc/BL42S-24040N_FOC_Clean/Src/speed_torq_ctrl.c:128:13:STC_Clear	0	static
D:/4_GIT_SRC_CODE/bldc/BL42S-24040N_FOC_Clean/Src/speed_torq_ctrl.c:165:16:STC_GetMecSpeedRefUnit	0	static
D:/4_GIT_SRC_CODE/bldc/BL42S-24040N_FOC_Clean/Src/speed_torq_ctrl.c:235:13:STC_SetControlMode	0	static
D:/4_GIT_SRC_CODE/bldc/BL42S-24040N_FOC_Clean/Src/speed_torq_ctrl.c:282:13:STC_ExecRamp	4	static
D:/4_GIT_SRC_CODE/bldc/BL42S-24040N_FOC_Clean/Src/speed_torq_ctrl.c:405:16:STC_CalcTorqueReference	16	static
D:/4_GIT_SRC_CODE/bldc/BL42S-24040N_FOC_Clean/Src/speed_torq_ctrl.c:495:16:STC_GetMecSpeedRefUnitDefault	0	static
D:/4_GIT_SRC_CODE/bldc/BL42S-24040N_FOC_Clean/Src/speed_torq_ctrl.c:512:17:STC_GetMaxAppPositiveMecSpeedUnit	0	static
D:/4_GIT_SRC_CODE/bldc/BL42S-24040N_FOC_Clean/Src/speed_torq_ctrl.c:529:16:STC_GetMinAppNegativeMecSpeedUnit	0	static
D:/4_GIT_SRC_CODE/bldc/BL42S-24040N_FOC_Clean/Src/speed_torq_ctrl.c:545:13:STC_StopSpeedRamp	0	static
D:/4_GIT_SRC_CODE/bldc/BL42S-24040N_FOC_Clean/Src/speed_torq_ctrl.c:574:13:STC_GetDefaultIqdref	8	static
D:/4_GIT_SRC_CODE/bldc/BL42S-24040N_FOC_Clean/Src/speed_torq_ctrl.c:603:13:STC_ForceSpeedReferenceToCurrentSpeed	8	static
