D:/4_GIT_SRC_CODE/bldc/BL42S-24040N_FOC_Clean/Src/stm32g4xx_hal_msp.c:67:6:HAL_MspInit	16	static
D:/4_GIT_SRC_CODE/bldc/BL42S-24040N_FOC_Clean/Src/stm32g4xx_hal_msp.c:98:6:HAL_ADC_MspInit	120	static
D:/4_GIT_SRC_CODE/bldc/BL42S-24040N_FOC_Clean/Src/stm32g4xx_hal_msp.c:189:6:HAL_ADC_MspDeInit	8	static
D:/4_GIT_SRC_CODE/bldc/BL42S-24040N_FOC_Clean/Src/stm32g4xx_hal_msp.c:264:6:HAL_CORDIC_MspInit	8	static
D:/4_GIT_SRC_CODE/bldc/BL42S-24040N_FOC_Clean/Src/stm32g4xx_hal_msp.c:287:6:HAL_CORDIC_MspDeInit	0	static
D:/4_GIT_SRC_CODE/bldc/BL42S-24040N_FOC_Clean/Src/stm32g4xx_hal_msp.c:309:6:HAL_TIM_PWM_MspInit	40	static
D:/4_GIT_SRC_CODE/bldc/BL42S-24040N_FOC_Clean/Src/stm32g4xx_hal_msp.c:345:6:HAL_TIM_Base_MspInit	56	static
D:/4_GIT_SRC_CODE/bldc/BL42S-24040N_FOC_Clean/Src/stm32g4xx_hal_msp.c:385:6:HAL_TIM_MspPostInit	40	static
D:/4_GIT_SRC_CODE/bldc/BL42S-24040N_FOC_Clean/Src/stm32g4xx_hal_msp.c:419:6:HAL_TIM_PWM_MspDeInit	8	static
D:/4_GIT_SRC_CODE/bldc/BL42S-24040N_FOC_Clean/Src/stm32g4xx_hal_msp.c:453:6:HAL_TIM_Base_MspDeInit	8	static
D:/4_GIT_SRC_CODE/bldc/BL42S-24040N_FOC_Clean/Src/stm32g4xx_hal_msp.c:487:6:HAL_UART_MspInit	112	static
D:/4_GIT_SRC_CODE/bldc/BL42S-24040N_FOC_Clean/Src/stm32g4xx_hal_msp.c:570:6:HAL_UART_MspDeInit	8	static
