D:/4_GIT_SRC_CODE/bldc/BL42S-24040N_FOC_Clean/Src/virtual_speed_sensor.c:76:13:VSS_Clear	0	static
D:/4_GIT_SRC_CODE/bldc/BL42S-24040N_FOC_Clean/Src/virtual_speed_sensor.c:65:13:VSS_Init	8	static
D:/4_GIT_SRC_CODE/bldc/BL42S-24040N_FOC_Clean/Src/virtual_speed_sensor.c:126:16:VSS_CalcElAngle	12	static
D:/4_GIT_SRC_CODE/bldc/BL42S-24040N_FOC_Clean/Src/virtual_speed_sensor.c:224:13:VSS_CalcAvrgMecSpeedUnit	4	static
D:/4_GIT_SRC_CODE/bldc/BL42S-24040N_FOC_Clean/Src/virtual_speed_sensor.c:296:14:VSS_SetMecAcceleration	8	static
D:/4_GIT_SRC_CODE/bldc/BL42S-24040N_FOC_Clean/Src/virtual_speed_sensor.c:373:13:VSS_RampCompleted	0	static
D:/4_GIT_SRC_CODE/bldc/BL42S-24040N_FOC_Clean/Src/virtual_speed_sensor.c:406:17:VSS_GetLastRampFinalSpeed	0	static
D:/4_GIT_SRC_CODE/bldc/BL42S-24040N_FOC_Clean/Src/virtual_speed_sensor.c:428:13:VSS_SetStartTransition	0	static
D:/4_GIT_SRC_CODE/bldc/BL42S-24040N_FOC_Clean/Src/virtual_speed_sensor.c:474:13:VSS_IsTransitionOngoing	0	static
D:/4_GIT_SRC_CODE/bldc/BL42S-24040N_FOC_Clean/Src/virtual_speed_sensor.c:528:13:VSS_TransitionEnded	0	static
D:/4_GIT_SRC_CODE/bldc/BL42S-24040N_FOC_Clean/Src/virtual_speed_sensor.c:545:13:VSS_SetElAngle	0	static
